***** External Functions *****
1    AddFolderIcon                                      isrt.obl(Shell.obs)
2    AddFontRegistrationToLog                           isrt.obl(Misc.obs)
3    AppSearch                                          isrt.obl(Driver.obs)
4    CCPSearch                                          isrt.obl(Driver.obs)
5    ChangeDirectory                                    isrt.obl(Files.obs)
6    CloseFile                                          isrt.obl(Files.obs)
7    CmdGetHwndDlg                                      isrt.obl(CustomDialog.obs)
8    ComponentAddFileToLog                              isrt.obl(component.obs)
9    ComponentCompareSizeRequired                       isrt.obl(component.obs)
10   ComponentGetData                                   isrt.obl(component.obs)
11   ComponentGetTotalCost                              isrt.obl(component.obs)
12   ComponentIsItemSelected                            isrt.obl(component.obs)
13   ComponentListItems                                 isrt.obl(component.obs)
14   ComponentSelectItem                                isrt.obl(component.obs)
15   ComponentTreeInit                                  isrt.obl(Dialogs.obs)
16   CreateDir                                          isrt.obl(Files.obs)
17   CreateFile                                         isrt.obl(Files.obs)
18   CreateInstallationInfo                             isrt.obl(Registry.obs)
19   CreateRegistrySet                                  isrt.obl(Feature.obs)
20   CtrlGetDlgItem                                     isrt.obl(CustomDialog.obs)
21   CtrlGetNotificationCode                            isrt.obl(CustomDialog.obs)
22   CtrlGetState                                       isrt.obl(CustomDialog.obs)
23   CtrlGetText                                        isrt.obl(CustomDialog.obs)
24   CtrlSelectText                                     isrt.obl(CustomDialog.obs)
25   CtrlSetMLEText                                     isrt.obl(CustomDialog.obs)
26   CtrlSetState                                       isrt.obl(CustomDialog.obs)
27   CtrlSetText                                        isrt.obl(CustomDialog.obs)
28   DIFxDriverPackageUninstall                         isrt.obl(ISDIFx.obs)
29   DRMINSTALLERPRO.DRMInstallPRO                      isrt.obl(Activation.obs)
30   DRMINSTALLERPRO.DRMUnInstallPRO                    isrt.obl(Activation.obs)
31   DefaultFeature_Installing                          Setup.obs
32   DefineDialog                                       isrt.obl(CustomDialog.obs)
33   Delay                                              isrt.obl(Misc.obs)
34   DeleteFile                                         isrt.obl(Files.obs)
35   DeleteSingleFile                                   isrt.obl(Files.obs)
36   DialogSetDefaultFont                               isrt.obl(Dialogs.obs)
37   DialogSetFont                                      isrt.obl(Dialogs.obs)
38   DialogSetInfo                                      isrt.obl(Dialogs.obs)
39   Disable                                            isrt.obl(Enable.obs)
40   DllSizeOf                                          isrt.obl(Str.obs)
41   Do                                                 isrt.obl(Misc.obs)
42   Enable                                             isrt.obl(Enable.obs)
43   EndCurrentDialog                                   isrt.obl(Dialogs.obs)
44   EndDialog                                          isrt.obl(CustomDialog.obs)
45   EnterDisk                                          isrt.obl(ISRTScriptDialogs.obs)
46   EnterDiskError                                     isrt.obl(ISRTScriptDialogs.obs)
47   EnterPassword                                      isrt.obl(ISRTScriptDialogs.obs)
48   ExistsDir                                          isrt.obl(Files.obs)
49   ExistsDisk                                         isrt.obl(Files.obs)
50   ExitInstall                                        isrt.obl(Driver.obs)
51   EzDefineDialog                                     isrt.obl(CustomDialog.obs)
52   FeatureAddFileToLog                                isrt.obl(Feature.obs)
53   FeatureCompareSizeRequired                         isrt.obl(Feature.obs)
54   FeatureErrorInfo                                   isrt.obl(Feature.obs)
55   FeatureFilterLanguage                              isrt.obl(Feature.obs)
56   FeatureFilterOS                                    isrt.obl(Feature.obs)
57   FeatureGetData                                     isrt.obl(Feature.obs)
58   FeatureGetTotalCost                                isrt.obl(Feature.obs)
59   FeatureIsItemSelected                              isrt.obl(Feature.obs)
60   FeatureListItems                                   isrt.obl(Feature.obs)
61   FeaturePatch                                       isrt.obl(Feature.obs)
62   FeatureReinstall                                   isrt.obl(Feature.obs)
63   FeatureRemoveAllInLogOnly                          isrt.obl(Feature.obs)
64   FeatureRemoveAllInMedia                            isrt.obl(Feature.obs)
65   FeatureRemoveAllInMediaAndLog                      isrt.obl(Feature.obs)
66   FeatureSaveTarget                                  isrt.obl(Feature.obs)
67   FeatureSelectItem                                  isrt.obl(Feature.obs)
68   FeatureSelectNew                                   isrt.obl(Feature.obs)
69   FeatureTransferData                                isrt.obl(Feature.obs)
70   FeatureUpdate                                      isrt.obl(Feature.obs)
71   FeatureValidate                                    isrt.obl(Feature.obs)
72   FinalConstruct                                     ifx.obl(EventsPriv.obs)
73   FinalRelease                                       ifx.obl(EventsPriv.obs)
74   FindFile                                           isrt.obl(Files.obs)
75   FormatMessage                                      isrt.obl(Misc.obs)
76   GDI32.AddFontResource                              Setup.obs
77   GDI32.CreateRectRgn                                Setup.obs
78   GDI32.GetDeviceCaps                                Setup.obs
79   GDI32.RemoveFontResource                           Setup.obs
80   GetAddRemove                                       isrt.obl(SysVars.obs)
81   GetBillboard                                       isrt.obl(SysVars.obs)
82   GetCurrentDialogName                               isrt.obl(Dialogs.obs)
83   GetCurrentDir                                      isrt.obl(Files.obs)
84   GetDialogTitle                                     isrt.obl(Dialogs.obs)
85   GetDir                                             isrt.obl(Str.obs)
86   GetDisk                                            isrt.obl(Str.obs)
87   GetDiskSpace                                       isrt.obl(GSI.obs)
88   GetDiskSpaceEx                                     isrt.obl(GSI.obs)
89   GetEnabledIServices                                isrt.obl(SysVars.obs)
90   GetErrorMsg                                        isrt.obl(Dialogs.obs)
91   GetErrorTitle                                      isrt.obl(Dialogs.obs)
92   GetExtents                                         isrt.obl(GSI.obs)
93   GetFolderApplications                              isrt.obl(SysVars.obs)
94   GetFolderApplications64                            isrt.obl(SysVars.obs)
95   GetFolderDesktop                                   isrt.obl(SysVars.obs)
96   GetFolderDotNet10                                  isrt.obl(SysVars.obs)
97   GetFolderDotNet11                                  isrt.obl(SysVars.obs)
98   GetFolderDotNet20                                  isrt.obl(SysVars.obs)
99   GetFolderFonts                                     isrt.obl(SysVars.obs)
100  GetFolderPrograms                                  isrt.obl(SysVars.obs)
101  GetISRes                                           isrt.obl(SysVars.obs)
102  GetInstallScriptMSI                                isrt.obl(SysVars.obs)
103  GetInstanceGUID                                    isrt.obl(SysVars.obs)
104  GetKeyPathWinCurrVerAuto                           isrt.obl(SysVars.obs)
105  GetLog                                             isrt.obl(SysVars.obs)
106  GetLogEx                                           isrt.obl(SysVars.obs)
107  GetMaintOption                                     isrt.obl(SysVars.obs)
108  GetMaintenance                                     isrt.obl(SysVars.obs)
109  GetMultiInstanceCount                              isrt.obl(SysVars.obs)
110  GetOpenFileMode                                    isrt.obl(Files.obs)
111  GetPackageLocation                                 isrt.obl(SysVars.obs)
112  GetProductGUID                                     isrt.obl(SysVars.obs)
113  GetProfString                                      isrt.obl(Profile.obs)
114  GetProgramFiles                                    isrt.obl(SysVars.obs)
115  GetReinstallMode                                   isrt.obl(SysVars.obs)
116  GetRemoveAllMode                                   isrt.obl(SysVars.obs)
117  GetRemoveOnly                                      isrt.obl(SysVars.obs)
118  GetSelectedTreeComponent                           isrt.obl(CmptView.obs)
119  GetShowPasswordDialog                              isrt.obl(SysVars.obs)
120  GetStandardSelectedLanguage                        isrt.obl(SysVars.obs)
121  GetSupportDir                                      isrt.obl(SysVars.obs)
122  GetSystemInfo                                      isrt.obl(GSI.obs)
123  GetTempFolder                                      isrt.obl(SysVars.obs)
124  GetTrueTypeFontFileInfo                            isrt.obl(Misc.obs)
125  GetUserSelectableAuto                              isrt.obl(SysVars.obs)
126  GetWinDir                                          isrt.obl(SysVars.obs)
127  GetWinSysDir                                       isrt.obl(SysVars.obs)
128  GetWindowHandle                                    isrt.obl(Misc.obs)
129  HIWORD                                             isrt.obl(Misc.obs)
130  ISDeterminePlatform                                isrt.obl(OsInfo.obs)
131  ISMIF32.InstallStatusMIF                           isrt.obl(MIF.obs)
132  ISRT.AddIcon                                       isrt.obl(Shell.obs)
133  ISRT.ComponentViewSetInfoEx                        isrt.obl(Dialogs.obs)
134  ISRT.EnableHourGlass                               isrt.obl(Enable.obs)
135  ISRT.GetCPUType                                    isrt.obl(GSI.obs)
136  ISRT.GetFontSub                                    isrt.obl(Dialogs.obs)
137  ISRT.GetHandle                                     Setup.obs
138  ISRT.GetPorts                                      isrt.obl(GSI.obs)
139  ISRT.IsEmpty                                       Setup.obs
140  ISRT.IsNTAdmin                                     isrt.obl(Is.obs)
141  ISRT.IsObject                                      Setup.obs
142  ISRT.IsPowerUser                                   isrt.obl(Is.obs)
143  ISRT.LangLoadString                                isrt.obl(SDINT.obs)
144  ISRT.MessageBeepP                                  Setup.obs
145  ISRT.PathCompactPathPixel                          isrt.obl(CustomDialog.obs)
146  ISRT.PathGetDir                                    isrt.obl(Str.obs)
147  ISRT.PathGetDrive                                  isrt.obl(Str.obs)
148  ISRT.PathGetFile                                   isrt.obl(Files.obs)
149  ISRT.PathGetFileExt                                isrt.obl(Str.obs)
150  ISRT.PathGetFileName                               isrt.obl(Str.obs)
151  ISRT.PathGetPath                                   isrt.obl(Str.obs)
152  ISRT.PathIsValidSyntax                             isrt.obl(Is.obs)
153  ISRT.VerGetFileVersion                             Setup.obs
154  ISRT._AppSearch                                    Setup.obs
155  ISRT._BrowseForFolder                              isrt.obl(ISRTScriptDialogsPriv.obs)
156  ISRT._CCPSearch                                    Setup.obs
157  ISRT._CleanupInet                                  isrt.obl(MIO.obs)
158  ISRT._CloseFile                                    isrt.obl(Files.obs)
159  ISRT._CmdGetHwndDlg                                isrt.obl(CustomDialog.obs)
160  ISRT._CompareDWORD                                 isrt.obl(Extend.obs)
161  ISRT._ComponentCompareSizeRequired                 isrt.obl(Feature.obs)
162  ISRT._ComponentErrorInfo                           isrt.obl(Feature.obs)
163  ISRT._ComponentFilterLanguage                      isrt.obl(Feature.obs)
164  ISRT._ComponentFilterOS                            isrt.obl(Feature.obs)
165  ISRT._ComponentGetData                             isrt.obl(Feature.obs)
166  ISRT._ComponentGetTotalCost                        isrt.obl(Feature.obs)
167  ISRT._ComponentGetTotalCostEx                      Setup.obs
168  ISRT._ComponentIsItemSelected                      isrt.obl(Feature.obs)
169  ISRT._ComponentListItems                           isrt.obl(Feature.obs)
170  ISRT._ComponentPatch                               isrt.obl(Feature.obs)
171  ISRT._ComponentReinstall                           isrt.obl(Feature.obs)
172  ISRT._ComponentRemoveAll                           isrt.obl(Feature.obs)
173  ISRT._ComponentRemoveAllInLogOnly                  isrt.obl(Feature.obs)
174  ISRT._ComponentSaveTarget                          isrt.obl(Feature.obs)
175  ISRT._ComponentSelectItem                          isrt.obl(Feature.obs)
176  ISRT._ComponentSelectNew                           isrt.obl(Feature.obs)
177  ISRT._ComponentTransferData                        isrt.obl(Feature.obs)
178  ISRT._ComponentUpdate                              isrt.obl(Feature.obs)
179  ISRT._ComponentValidate                            isrt.obl(Feature.obs)
180  ISRT._CreateDir                                    isrt.obl(Files.obs)
181  ISRT._CreateRegistrySet                            isrt.obl(Feature.obs)
182  ISRT._CtrlGetNotificationCode                      isrt.obl(CustomDialog.obs)
183  ISRT._CtrlSetHtmlContent                           isrt.obl(CustomDialog.obs)
184  ISRT._CtrlSetMLERichText                           isrt.obl(CustomDialog.obs)
185  ISRT._DIFxDriverPackageUninstall                   isrt.obl(ISDIFx.obs)
186  ISRT._DefineDialog                                 isrt.obl(CustomDialog.obs)
187  ISRT._DialogSetFont                                isrt.obl(Dialogs.obs)
188  ISRT._DisableStatus                                isrt.obl(Enable.obs)
189  ISRT._DoSprintf                                    isrt.obl(ISRTScriptDialogsPriv.obs)
190  ISRT._EnableDialogCache                            isrt.obl(Enable.obs)
191  ISRT._EnablePrevDialog                             Setup.obs
192  ISRT._EnableSkins                                  isrt.obl(Enable.obs)
193  ISRT._EnableStatus                                 isrt.obl(Enable.obs)
194  ISRT._EnableWow64FsRedirection                     isrt.obl(Enable.obs)
195  ISRT._EndDialog                                    isrt.obl(CustomDialog.obs)
196  ISRT._ExistsDir                                    isrt.obl(Files.obs)
197  ISRT._ExistsDisk                                   isrt.obl(Files.obs)
198  ISRT._ExistsFile                                   isrt.obl(Files.obs)
199  ISRT._ExitInstall                                  Setup.obs
200  ISRT._GetCurrentDialogName                         isrt.obl(Dialogs.obs)
201  ISRT._GetDiskSpaceEx                               isrt.obl(GSI.obs)
202  ISRT._GetDiskSpaceExEx                             Setup.obs
203  ISRT._GetGlobalFlags                               ifx.obl(EventsPriv.obs)
204  ISRT._GetGlobalMemorySize                          isrt.obl(GSI.obs)
205  ISRT._GetProcessorInfo                             isrt.obl(OsInfo.obs)
206  ISRT._GetSelectedTreeComponent                     isrt.obl(CmptView.obs)
207  ISRT._GetStandardLangId                            isrt.obl(Misc.obs)
208  ISRT._GetSupportDir                                isrt.obl(SysVars.obs)
209  ISRT._GetTrueTypeFontFileInfo                      isrt.obl(Misc.obs)
210  ISRT._GetVirtualMachineType                        isrt.obl(GSI.obs)
211  ISRT._InetEndofTransfer                            isrt.obl(iftw.obs)
212  ISRT._InetGetNextDisk                              isrt.obl(iftw.obs)
213  ISRT._InitInstall                                  Setup.obs
214  ISRT._IsFontTypefaceNameAvailable                  isrt.obl(Is.obs)
215  ISRT._IsInAdminGroup                               isrt.obl(Is.obs)
216  ISRT._IsLangSupported                              isrt.obl(Is.obs)
217  ISRT._IsSkinLoaded                                 isrt.obl(Is.obs)
218  ISRT._IsVirtualMachine                             isrt.obl(OsInfo.obs)
219  ISRT._IsWindowsME                                  isrt.obl(GSI.obs)
220  ISRT._IsWow64                                      isrt.obl(OsInfo.obs)
221  ISRT._ListAddItem                                  isrt.obl(scrlist.obs)
222  ISRT._ListAddString                                isrt.obl(scrlist.obs)
223  ISRT._ListCount                                    isrt.obl(scrlist.obs)
224  ISRT._ListCreate                                   isrt.obl(scrlist.obs)
225  ISRT._ListCurrentString                            isrt.obl(scrlist.obs)
226  ISRT._ListDeleteItem                               isrt.obl(scrlist.obs)
227  ISRT._ListDeleteString                             isrt.obl(scrlist.obs)
228  ISRT._ListDestroy                                  isrt.obl(scrlist.obs)
229  ISRT._ListFindString                               isrt.obl(scrlist.obs)
230  ISRT._ListGetFirstItem                             isrt.obl(scrlist.obs)
231  ISRT._ListGetFirstString                           isrt.obl(scrlist.obs)
232  ISRT._ListGetNextItem                              isrt.obl(scrlist.obs)
233  ISRT._ListGetNextString                            isrt.obl(scrlist.obs)
234  ISRT._ListGetType                                  isrt.obl(scrlist.obs)
235  ISRT._ListReadFromFile                             isrt.obl(scrlist.obs)
236  ISRT._ListSetIndex                                 isrt.obl(scrlist.obs)
237  ISRT._MediaGetFilteringInfo                        isrt.obl(Feature.obs)
238  ISRT._MediaGetInfo                                 isrt.obl(Feature.obs)
239  ISRT._OnUninstPriv                                 Setup.obs
240  ISRT._OpenFile                                     isrt.obl(Files.obs)
241  ISRT._Preprogram                                   Setup.obs
242  ISRT._PrintFile                                    isrt.obl(Files.obs)
243  ISRT._Rebooted                                     Setup.obs
244  ISRT._RegCreateKey                                 isrt.obl(Registry.obs)
245  ISRT._RegDeleteValue                               isrt.obl(Registry.obs)
246  ISRT._RegEnableTextSubs                            isrt.obl(Enable.obs)
247  ISRT._RegGetOptions                                isrt.obl(SysVars.obs)
248  ISRT._RegIsRemoteRegConnected                      isrt.obl(Is.obs)
249  ISRT._RegQueryKeyBinaryValue                       isrt.obl(Registry.obs)
250  ISRT._RegQueryKeyValue                             isrt.obl(Registry.obs)
251  ISRT._RegSetKeyBinaryValue                         isrt.obl(Registry.obs)
252  ISRT._RegSetKeyValue                               isrt.obl(Registry.obs)
253  ISRT._RegSetOptions                                isrt.obl(SysVars.obs)
254  ISRT._ReleaseDialog                                isrt.obl(CustomDialog.obs)
255  ISRT._SdShowMsg                                    isrt.obl(ISRTScriptDialogsPriv.obs)
256  ISRT._SetAltMainImage                              isrt.obl(Dialogs.obs)
257  ISRT._SetDisplayEffect                             isrt.obl(ui.obs)
258  ISRT._SetGlobalFlags                               ifx.obl(EventsPriv.obs)
259  ISRT._SetPaletteFile                               isrt.obl(MIO.obs)
260  ISRT._SetSilentSdShowMsg                           isrt.obl(Enable.obs)
261  ISRT._SetTitle                                     isrt.obl(ui.obs)
262  ISRT._SetupInet                                    isrt.obl(MIO.obs)
263  ISRT._SetupTraceWrite                              isrt.obl(Misc.obs)
264  ISRT._ShowObjWizardPages                           isrt.obl(Objects.obs)
265  ISRT._ShowWizardPages                              Setup.obs
266  ISRT._StatusUpdate                                 isrt.obl(ui.obs)
267  ISRT._TreeViewCreate                               isrt.obl(CmptView.obs)
268  ISRT._WaitOnDialog                                 isrt.obl(CustomDialog.obs)
269  ISRT._WriteLine                                    isrt.obl(Files.obs)
270  ISRT.__CreateObjectContext                         isrt.obl(ISRTInit.obs)
271  ISRT.__GetCmdLineOptions                           isrt.obl(ISRTInit.obs)
272  ISRT.__GetContextGUID                              isrt.obl(ISRTInit.obs)
273  ISRT.__GetEnabledIServices                         isrt.obl(SysVars.obs)
274  ISRT.__GetFileRegistrar                            isrt.obl(ISRTInit.obs)
275  ISRT.__GetInfo                                     isrt.obl(ISRTInit.obs)
276  ISRT.__GetInstallGuid                              isrt.obl(SysVars.obs)
277  ISRT.__GetLog                                      isrt.obl(SysVars.obs)
278  ISRT.__GetLogDB                                    isrt.obl(ISRTInit.obs)
279  ISRT.__GetLogEx                                    isrt.obl(SysVars.obs)
280  ISRT.__GetMainWindow                               Setup.obs
281  ISRT.__GetMaintOption                              isrt.obl(SysVars.obs)
282  ISRT.__GetMaintenanceMode                          isrt.obl(SysVars.obs)
283  ISRT.__GetObjects                                  isrt.obl(ISRTInit.obs)
284  ISRT.__GetProductGuid                              isrt.obl(SysVars.obs)
285  ISRT.__GetProgress                                 Setup.obs
286  ISRT.__GetReboot                                   isrt.obl(ISRTInit.obs)
287  ISRT.__GetReinstallMode                            isrt.obl(SysVars.obs)
288  ISRT.__GetRemoveAllMode                            isrt.obl(SysVars.obs)
289  ISRT.__GetTextSub                                  isrt.obl(ISRTInit.obs)
290  ISRT.__GetUpdateMode                               isrt.obl(SysVars.obs)
291  ISRT.__GetUser                                     isrt.obl(MIO.obs)
292  ISRT.__ISRTGetPropertyBag                          ifx.obl(PersistPropertyBag.obs)
293  ISRT.__ISRTReleasePropertyBag                      ifx.obl(PersistPropertyBag.obs)
294  ISRT.__LoadString                                  isrt.obl(LoadStr.obs)
295  ISRT.__PutEnabledIServices                         isrt.obl(Enable.obs)
296  ISRT.__ReleaseObjectContext                        isrt.obl(ISRTInit.obs)
297  ISRT.__RestoreMainLog                              isrt.obl(ISRTInit.obs)
298  ISRT.__RestoreMainLogEx                            isrt.obl(ISRTInit.obs)
299  ISRT.__SetComponentLog                             isrt.obl(ISRTInit.obs)
300  ISRT.__SetUpdateMode                               isrt.obl(SysVars.obs)
301  ISRTHandleScriptException                          isrt.obl(Misc.obs)
302  ISRTOnUninstPriv                                   isrt.obl(Driver.obs)
303  ISRTPreprogram                                     isrt.obl(Driver.obs)
304  IfxFilterComponents                                ifx.obl(EventsSetupPriv.obs)
305  IfxFinalConstruct                                  ifx.obl(EventsSetupPriv.obs)
306  IfxFinalRelease                                    ifx.obl(EventsSetupPriv.obs)
307  IfxInitProperties                                  ifx.obl(PersistPropertyBag.obs)
308  IfxOnAbortInstall                                  ifx.obl(EventsPriv.obs)
309  IfxOnAppSearch                                     ifx.obl(EventsPriv.obs)
310  IfxOnCCPSearch                                     ifx.obl(EventsPriv.obs)
311  IfxOnCanceling                                     ifx.obl(EventsPriv.obs)
312  IfxOnDisk1Installed                                ifx.obl(EventsSetupPriv.obs)
313  IfxOnDisk1Installing                               ifx.obl(EventsSetupPriv.obs)
314  IfxOnExitInstall                                   ifx.obl(EventsSetupPriv.obs)
315  IfxOnFileError                                     ifx.obl(EventsSetupPriv.obs)
316  IfxOnFileLocked                                    ifx.obl(EventsSetupPriv.obs)
317  IfxOnFileReadOnly                                  ifx.obl(EventsSetupPriv.obs)
318  IfxOnGeneralScriptOp                               ifx.obl(EventsPriv.obs)
319  IfxOnHelp                                          ifx.obl(EventsPriv.obs)
320  IfxOnInitInstall                                   ifx.obl(EventsSetupPriv.obs)
321  IfxOnInternetError                                 ifx.obl(EventsSetupPriv.obs)
322  IfxOnMD5Error                                      ifx.obl(EventsSetupPriv.obs)
323  IfxOnNextDisk                                      ifx.obl(EventsSetupPriv.obs)
324  IfxOnRebooted                                      ifx.obl(EventsPriv.obs)
325  IfxOnRemovingSharedFile                            ifx.obl(EventsSetupPriv.obs)
326  IfxOnShowWizardPages                               ifx.obl(EventsSetupPriv.obs)
327  IfxOnTransferred                                   ifx.obl(EventsPriv.obs)
328  IfxOnTransferring                                  ifx.obl(EventsSetupPriv.obs)
329  IfxOnUnhandledException                            ifx.obl(EventsPriv.obs)
330  IfxOnUninst                                        ifx.obl(EventsSetupPriv.obs)
331  IfxOnUninstPriv                                    ifx.obl(EventsSetupPriv.obs)
332  IfxPostprogram                                     ifx.obl(EventsSetupPriv.obs)
333  IfxPreprogram                                      ifx.obl(EventsSetupPriv.obs)
334  IfxReadProperties                                  ifx.obl(PersistPropertyBag.obs)
335  IfxRunAfterReboot                                  ifx.obl(EventsSetupPriv.obs)
336  IfxWriteProperties                                 ifx.obl(PersistPropertyBag.obs)
337  InetEndofTransfer                                  isrt.obl(iftw.obs)
338  InetNextDisk                                       isrt.obl(iftw.obs)
339  InitInstall                                        isrt.obl(Driver.obs)
340  InitProperties                                     ifx.obl(PersistPropertyBag.obs)
341  Is                                                 isrt.obl(Is.obs)
342  IsInetInstall                                      isrt.obl(iftw.obs)
343  KERNEL.GetModuleHandle                             Setup.obs
344  KERNEL32.CloseHandle                               Setup.obs
345  KERNEL32.CreateFileW                               Setup.obs
346  KERNEL32.DeleteFileW                               Setup.obs
347  KERNEL32.FindClose                                 Setup.obs
348  KERNEL32.FindFirstFileW                            Setup.obs
349  KERNEL32.FindNextFileW                             Setup.obs
350  KERNEL32.FormatMessageW                            Setup.obs
351  KERNEL32.FreeLibrary                               Setup.obs
352  KERNEL32.GetCurrentDirectoryW                      Setup.obs
353  KERNEL32.GetDriveType                              Setup.obs
354  KERNEL32.GetFileAttributesW                        Setup.obs
355  KERNEL32.GetLocalTime                              Setup.obs
356  KERNEL32.GetLocaleInfo                             Setup.obs
357  KERNEL32.GetPrivateProfileString                   Setup.obs
358  KERNEL32.GetPrivateProfileStringW                  Setup.obs
359  KERNEL32.GetProcAddress                            Setup.obs
360  KERNEL32.GetProfileStringW                         Setup.obs
361  KERNEL32.GetSystemDefaultLCID                      Setup.obs
362  KERNEL32.GetSystemDefaultLangID                    Setup.obs
363  KERNEL32.GetSystemDefaultUILanguage                Setup.obs
364  KERNEL32.GetTickCount                              Setup.obs
365  KERNEL32.GetUserDefaultLangID                      Setup.obs
366  KERNEL32.GetVersion                                Setup.obs
367  KERNEL32.GetVersionEx                              Setup.obs
368  KERNEL32.GetVolumeInformation                      Setup.obs
369  KERNEL32.GetWindowsDirectory                       Setup.obs
370  KERNEL32.LoadLibraryW                              Setup.obs
371  KERNEL32.SetCurrentDirectoryW                      Setup.obs
372  KERNEL32.SetFileAttributesW                        Setup.obs
373  KERNEL32.Sleep                                     Setup.obs
374  KERNEL32.WritePrivateProfileString                 Setup.obs
375  KERNEL32.WritePrivateProfileStringW                Setup.obs
376  KERNEL32.WriteProfileStringW                       Setup.obs
377  KERNEL32.lstrlenW                                  Setup.obs
378  LOWORD                                             isrt.obl(Misc.obs)
379  LaunchAppAndWaitInitStartupInfo                    isrt.obl(Extend.obs)
380  LaunchApplicationInit                              isrt.obl(Extend.obs)
381  ListAddItem                                        isrt.obl(scrlist.obs)
382  ListAddString                                      isrt.obl(scrlist.obs)
383  ListCount                                          isrt.obl(scrlist.obs)
384  ListCreate                                         isrt.obl(scrlist.obs)
385  ListCurrentString                                  isrt.obl(scrlist.obs)
386  ListDeleteItem                                     isrt.obl(scrlist.obs)
387  ListDeleteString                                   isrt.obl(scrlist.obs)
388  ListDestroy                                        isrt.obl(scrlist.obs)
389  ListFindString                                     isrt.obl(scrlist.obs)
390  ListGetFirstItem                                   isrt.obl(scrlist.obs)
391  ListGetFirstString                                 isrt.obl(scrlist.obs)
392  ListGetNextItem                                    isrt.obl(scrlist.obs)
393  ListGetNextString                                  isrt.obl(scrlist.obs)
394  ListGetType                                        isrt.obl(scrlist.obs)
395  ListReadFromFile                                   isrt.obl(scrlist.obs)
396  ListSetIndex                                       isrt.obl(scrlist.obs)
397  ListValid                                          isrt.obl(scrlist.obs)
398  ListValidType                                      isrt.obl(scrlist.obs)
399  LoadStringFromStringTable                          isrt.obl(Str.obs)
400  LogReadCustomString                                isrt.obl(Misc.obs)
401  LogReadCustomVariant                               isrt.obl(Misc.obs)
402  LogWriteCustomString                               isrt.obl(Misc.obs)
403  LogWriteCustomVariant                              isrt.obl(Misc.obs)
404  LongPathToQuote                                    isrt.obl(Str.obs)
405  MAKELONG                                           isrt.obl(Misc.obs)
406  MIFCreateMIFFile                                   isrt.obl(MIF.obs)
407  MIFDeleteMIFFile                                   isrt.obl(MIF.obs)
408  MIFInitialize                                      isrt.obl(MIF.obs)
409  MIFSetInformation                                  isrt.obl(MIF.obs)
410  MIFUnInitialize                                    isrt.obl(MIF.obs)
411  MIFWasSetInformationCalled                         isrt.obl(MIF.obs)
412  MIOShutdown                                        isrt.obl(MIO.obs)
413  MIOStartup                                         isrt.obl(MIO.obs)
414  MaintenanceStart                                   isrt.obl(Registry.obs)
415  MediaGetData                                       isrt.obl(Feature.obs)
416  MediaGetDataEx                                     isrt.obl(Feature.obs)
417  MessageBeep                                        isrt.obl(Misc.obs)
418  MessageBox                                         isrt.obl(ISRTScriptDialogsPriv.obs)
419  MessageBoxEx                                       isrt.obl(ISRTScriptDialogsPriv.obs)
420  OnAbort                                            ifx.obl(EventsSetup.obs)
421  OnAppSearch                                        ifx.obl(EventsSetup.obs)
422  OnBegin                                            ifx.obl(EventsSetup.obs)
423  OnCCPSearch                                        ifx.obl(EventsSetup.obs)
424  OnCanceling                                        ifx.obl(EventsSetup.obs)
425  OnCheckMediaPassword                               ifx.obl(EventsSetup.obs)
426  OnComponentError                                   ifx.obl(EventsSetup.obs)
427  OnCustomizeUninstInfo                              ifx.obl(EventsSetup.obs)
428  OnDIFxLogCallback                                  ifx.obl(EventsSetup.obs)
429  OnDIFxLogCallbackImpl                              isrt.obl(ISDIFx.obs)
430  OnEnd                                              Setup.obs
431  OnFileError                                        ifx.obl(EventsSetup.obs)
432  OnFileLocked                                       ifx.obl(EventsSetup.obs)
433  OnFileReadOnly                                     ifx.obl(EventsSetup.obs)
434  OnFilterComponents                                 ifx.obl(EventsSetup.obs)
435  OnFirstUIAfter                                     Setup.obs
436  OnFirstUIBefore                                    Setup.obs
437  OnHelp                                             ifx.obl(EventsSetup.obs)
438  OnIISAppPoolUninstalling                           ifx.obl(EventsPriv.obs)
439  OnIISCheckRequirements                             ifx.obl(EventsPriv.obs)
440  OnIISComponentInstalled                            ifx.obl(EventsPriv.obs)
441  OnIISInitialize                                    ifx.obl(EventsPriv.obs)
442  OnIISUninitialize                                  ifx.obl(EventsPriv.obs)
443  OnIISVRootUninstalling                             ifx.obl(EventsPriv.obs)
444  OnIISWebServiceExtensionUninstalling               ifx.obl(EventsPriv.obs)
445  OnIISWebSiteUninstalling                           ifx.obl(EventsPriv.obs)
446  OnInstallDRMService                                isrt.obl(Activation.obs)
447  OnInstalledFile                                    Setup.obs
448  OnInstalledFontFile                                ifx.obl(EventsSetup.obs)
449  OnInstallingFile                                   Setup.obs
450  OnInternetError                                    ifx.obl(EventsSetup.obs)
451  OnLaunchAppAndWaitCallback                         ifx.obl(EventsSetup.obs)
452  OnMD5Error                                         ifx.obl(EventsSetup.obs)
453  OnMaintUIAfter                                     ifx.obl(EventsSetup.obs)
454  OnMaintUIBefore                                    ifx.obl(EventsSetup.obs)
455  OnMoveData                                         ifx.obl(EventsSetup.obs)
456  OnMoved                                            ifx.obl(EventsSetup.obs)
457  OnMoving                                           ifx.obl(EventsSetup.obs)
458  OnNetApiCreateUserAccount                          ifx.obl(EventsSetup.obs)
459  OnNetApiCreateUserAccountInternal                  isrt.obl(NetApiRT.obs)
460  OnNextDisk                                         ifx.obl(EventsSetup.obs)
461  OnRebooted                                         ifx.obl(EventsSetup.obs)
462  OnRemovingSharedFile                               ifx.obl(EventsSetup.obs)
463  OnSQLBatchScripts                                  ifx.obl(EventsPriv.obs)
464  OnSQLComponentInstalled                            ifx.obl(EventsPriv.obs)
465  OnSQLComponentUninstalled                          ifx.obl(EventsPriv.obs)
466  OnSQLServerInitialize                              ifx.obl(EventsPriv.obs)
467  OnSQLServerInitializeMaint                         ifx.obl(EventsPriv.obs)
468  OnSelfRegistrationError                            Setup.obs
469  OnSetTARGETDIR                                     ifx.obl(EventsSetup.obs)
470  OnSetUpdateMode                                    ifx.obl(EventsSetup.obs)
471  OnShowUI                                           ifx.obl(EventsSetup.obs)
472  OnUnInstallDRMService                              isrt.obl(Activation.obs)
473  OnUnhandledException                               ifx.obl(EventsPriv.obs)
474  OnUninstall                                        ifx.obl(EventsSetup.obs)
475  OnUninstalledFile                                  ifx.obl(EventsSetup.obs)
476  OnUninstallingDIFxDriverFile                       ifx.obl(EventsSetup.obs)
477  OnUninstallingFile                                 ifx.obl(EventsSetup.obs)
478  OnUninstallingFontFile                             ifx.obl(EventsSetup.obs)
479  OnUpdateUIAfter                                    ifx.obl(EventsSetup.obs)
480  OnUpdateUIBefore                                   ifx.obl(EventsSetup.obs)
481  OnXMLComponentInstalled                            ifx.obl(EventsPriv.obs)
482  OnXMLComponentUninstalling                         ifx.obl(EventsPriv.obs)
483  OnXMLInitialize                                    ifx.obl(EventsPriv.obs)
484  OnXMLUninitialize                                  ifx.obl(EventsPriv.obs)
485  OpenFileMode                                       isrt.obl(Files.obs)
486  ParsePath                                          isrt.obl(Str.obs)
487  Postprogram                                        ifx.obl(EventsSetupPriv.obs)
488  Preprogram                                         ifx.obl(EventsSetupPriv.obs)
489  PrintFile                                          isrt.obl(Files.obs)
490  ProgGetGroupType                                   isrt.obl(Shell.obs)
491  PthFixPath                                         isrt.obl(Pth.obs)
492  PthIsAbsPath                                       isrt.obl(Pth.obs)
493  ReadProperties                                     ifx.obl(PersistPropertyBag.obs)
494  Rebooted                                           isrt.obl(Driver.obs)
495  RegDBDeleteItem                                    isrt.obl(Registry.obs)
496  RegDBDeleteValue                                   isrt.obl(Registry.obs)
497  RegDBDeleteValueEx                                 isrt.obl(Registry.obs)
498  RegDBDeleteValueEx32                               isrt.obl(Registry.obs)
499  RegDBGetItem                                       isrt.obl(Registry.obs)
500  RegDBGetKeyValueEx                                 isrt.obl(Registry.obs)
501  RegDBQueryValue                                    isrt.obl(Registry.obs)
502  RegDBQueryValue32                                  isrt.obl(Registry.obs)
503  RegDBSetItem                                       isrt.obl(Registry.obs)
504  RegDBSetKeyValueEx                                 isrt.obl(Registry.obs)
505  RegDBSetValue                                      isrt.obl(Registry.obs)
506  RegDBSetValue32                                    isrt.obl(Registry.obs)
507  RegDBSetVersion                                    isrt.obl(Registry.obs)
508  RegisterFontResource                               isrt.obl(Misc.obs)
509  ReleaseDialog                                      isrt.obl(CustomDialog.obs)
510  SdAskDestPath2                                     Setup.obs
511  SdCloseDlg                                         isrt.obl(SDINT.obs)
512  SdComponentDlgCheckSpace                           isrt.obl(SDINT.obs)
513  SdDlgToTop                                         isrt.obl(SDINT.obs)
514  SdDoStdButton                                      isrt.obl(SDINT.obs)
515  SdEnablement                                       isrt.obl(SDINT.obs)
516  SdError                                            isrt.obl(SDINT.obs)
517  SdExceptionsInit                                   isrt.obl(ISRTScriptDialogsPriv.obs)
518  SdFeatureTree                                      isrt.obl(ISRTScriptDialogs.obs)
519  SdFinish                                           isrt.obl(ISRTScriptDialogs.obs)
520  SdFinishReboot                                     isrt.obl(ISRTScriptDialogs.obs)
521  SdGeneralInit                                      isrt.obl(SDINT.obs)
522  SdInit                                             isrt.obl(SDINT.obs)
523  SdIsStdButton                                      isrt.obl(SDINT.obs)
524  SdLicense2Ex                                       isrt.obl(ISRTScriptDialogs.obs)
525  SdLoadString                                       isrt.obl(SDINT.obs)
526  SdMakeName                                         isrt.obl(SDINT.obs)
527  SdPlugInProductName                                isrt.obl(SDINT.obs)
528  SdSetDlgTitle                                      isrt.obl(SDINT.obs)
529  SdSetStatic                                        isrt.obl(SDINT.obs)
530  SdShowMsg                                          isrt.obl(ISRTScriptDialogsPriv.obs)
531  SdStartCopy2                                       isrt.obl(ISRTScriptDialogs.obs)
532  SdSubstituteProductInfo                            isrt.obl(SDINT.obs)
533  SdUnInit                                           isrt.obl(SDINT.obs)
534  SdWelcome                                          isrt.obl(ISRTScriptDialogs.obs)
535  SdWelcomeMaint                                     isrt.obl(ISRTScriptDialogs.obs)
536  SelectDir                                          isrt.obl(ISRTScriptDialogsPriv.obs)
537  SelectDirNoLog                                     isrt.obl(ISRTScriptDialogsPriv.obs)
538  SendMessage                                        isrt.obl(Misc.obs)
539  ServiceInitParams                                  isrt.obl(Service.obs)
540  SetCmdLine                                         isrt.obl(SysVars.obs)
541  SetDialogTitle                                     isrt.obl(Dialogs.obs)
542  SetDisplayEffect                                   isrt.obl(ui.obs)
543  SetExtendedErrInfo                                 isrt.obl(IsUtil.obs)
544  SetStatus                                          ifx.obl(EventsSetupPriv.obs)
545  SetStatusEx                                        ifx.obl(EventsSetupPriv.obs)
546  SetStatusExStaticText                              isrt.obl(ui.obs)
547  SetStatusWindow                                    isrt.obl(ui.obs)
548  SetTitle                                           isrt.obl(ui.obs)
549  SetupTraceWrite                                    isrt.obl(Misc.obs)
550  ShowObjWizardPages                                 isrt.obl(Objects.obs)
551  ShowWizardPages                                    isrt.obl(Driver.obs)
552  SilentCreateFile                                   isrt.obl(Silent.obs)
553  SilentDoGeneralInfo                                isrt.obl(Silent.obs)
554  SilentFailed                                       isrt.obl(Silent.obs)
555  SilentFinish                                       isrt.obl(Silent.obs)
556  SilentInit                                         isrt.obl(Silent.obs)
557  SilentLogWriteData                                 isrt.obl(Silent.obs)
558  SilentReadData                                     isrt.obl(Silent.obs)
559  SilentSetInfo                                      isrt.obl(Silent.obs)
560  SilentSetMode                                      isrt.obl(Silent.obs)
561  SilentWriteData                                    isrt.obl(Silent.obs)
562  Sprintf                                            isrt.obl(Str.obs)
563  SprintfBox                                         isrt.obl(ISRTScriptDialogsPriv.obs)
564  StatusUpdate                                       isrt.obl(ui.obs)
565  StrAddLastSlash                                    isrt.obl(Str.obs)
566  StrConvertSizeUnit                                 isrt.obl(Str.obs)
567  StrFindEx                                          isrt.obl(Str.obs)
568  StrGetTokens                                       isrt.obl(Str.obs)
569  StrLength                                          isrt.obl(Str.obs)
570  StrRemoveLastSlash                                 isrt.obl(Str.obs)
571  StrReplace                                         isrt.obl(Str.obs)
572  StrToNumHex                                        isrt.obl(Str.obs)
573  StrToUpper                                         isrt.obl(Str.obs)
574  StrTrim                                            isrt.obl(Str.obs)
575  SysVarsInit                                        isrt.obl(SysVars.obs)
576  SysVarsTrace                                       isrt.obl(SysVars.obs)
577  SysVarsUnInit                                      isrt.obl(SysVars.obs)
578  System                                             isrt.obl(Misc.obs)
579  SystemRestoreCancelRestorePointIS                  isrt.obl(PCRestore.obs)
580  SystemRestoreCloseRestorePointIS                   isrt.obl(PCRestore.obs)
581  SystemRestoreDisableIS                             isrt.obl(PCRestore.obs)
582  SystemRestoreIsEnabledIS                           isrt.obl(PCRestore.obs)
583  SystemRestoreOpenRestorePointIS                    isrt.obl(PCRestore.obs)
584  TextSubGetValue                                    isrt.obl(TextSub.obs)
585  TextSubParseTextSub                                isrt.obl(TextSub.obs)
586  TextSubSetValue                                    isrt.obl(TextSub.obs)
587  TextSubSubstitute                                  isrt.obl(TextSub.obs)
588  TreeViewCreate                                     isrt.obl(CmptView.obs)
589  USER.EnableWindow                                  Setup.obs
590  USER.GetClassName                                  Setup.obs
591  USER.GetDC                                         Setup.obs
592  USER.GetDlgItem                                    Setup.obs
593  USER.GetFocus                                      Setup.obs
594  USER.GetWindowLong                                 Setup.obs
595  USER.GetWindowRect                                 Setup.obs
596  USER.IsIconic                                      Setup.obs
597  USER.IsWindow                                      Setup.obs
598  USER.PostMessage                                   Setup.obs
599  USER.ReleaseDC                                     Setup.obs
600  USER.SendMessageW                                  Setup.obs
601  USER.SetFocus                                      Setup.obs
602  USER.SetWindowPos                                  Setup.obs
603  USER.SetWindowText                                 Setup.obs
604  USER.ShowWindow                                    Setup.obs
605  USER32.CharUpperBuffW                              Setup.obs
606  USER32.DispatchMessage                             Setup.obs
607  USER32.GetDesktopWindow                            Setup.obs
608  USER32.GetSystemMetrics                            Setup.obs
609  USER32.GetWindowText                               Setup.obs
610  USER32.GetWindowTextLength                         Setup.obs
611  USER32.IsWindowVisible                             Setup.obs
612  USER32.MessageBoxW                                 Setup.obs
613  USER32.PeekMessageW                                Setup.obs
614  USER32.SendMessageW                                Setup.obs
615  USER32.SetForegroundWindow                         Setup.obs
616  USER32.SetWindowLong                               Setup.obs
617  USER32.SetWindowRgn                                Setup.obs
618  USER32.TranslateMessage                            Setup.obs
619  UpdateServiceEnableUpdateService                   isrt.obl(ISUpdateService.obs)
620  VarInit                                            isrt.obl(SysVars.obs)
621  VarRestore                                         isrt.obl(SysVars.obs)
622  VarRestoreISRT                                     isrt.obl(SysVars.obs)
623  VarSave                                            isrt.obl(SysVars.obs)
624  VarSaveISRT                                        isrt.obl(SysVars.obs)
625  VerCompare                                         isrt.obl(version.obs)
626  VerProductCompareVersions                          isrt.obl(version.obs)
627  VerProductGetInstalledVersion                      isrt.obl(version.obs)
628  VerProductIsVersionSupported                       isrt.obl(version.obs)
629  VerProductNumToStr                                 isrt.obl(version.obs)
630  VerProductStrToNum                                 isrt.obl(version.obs)
631  VerProductVerFromVerParts                          isrt.obl(version.obs)
632  VerProductVerPartsFromVer                          isrt.obl(version.obs)
633  WaitOnDialog                                       isrt.obl(CustomDialog.obs)
634  WizardDirection                                    ifx.obl(EventsSetupPriv.obs)
635  WriteLine                                          isrt.obl(Files.obs)
636  WriteProfInt                                       isrt.obl(Profile.obs)
637  WriteProfString                                    isrt.obl(Profile.obs)
638  WriteProperties                                    ifx.obl(PersistPropertyBag.obs)
639  __ISRTDoExit                                       isrt.obl(Misc.obs)
640  __ISRTInit                                         isrt.obl(ISRTInit.obs)
641  __ISRTRestoreMainLog                               isrt.obl(ISRTInit.obs)
642  __ISRTRestoreMainLogEx                             isrt.obl(ISRTInit.obs)
643  __ISRTSetComponentLog                              isrt.obl(ISRTInit.obs)
644  __ISRTUnInit                                       isrt.obl(ISRTInit.obs)
645  __LoadIScriptString                                isrt.obl(LoadStr.obs)
646  program                                            ifx.obl(EventsSetupPriv.obs)
647  sfc.SRSetRestorePointW                             Setup.obs
648  vefaalerttracking.DllRegisterServer                Setup.obs


***** External Variables *****
1    ADDREMOVE                                          isrt.obl(DebugSymbols.obs)
2    ADDREMOVE_COMBINEDBUTTON                           Setup.obs
3    ADDREMOVE_HIDECHANGEOPTION                         Setup.obs
4    ADDREMOVE_HIDEREMOVEOPTION                         Setup.obs
5    ADDREMOVE_HIDEREPAIROPTION                         Setup.obs
6    ADDREMOVE_STRING_REMOVEONLY                        Setup.obs
7    ADDREMOVE_SYSTEMCOMPONENT                          Setup.obs
8    ADMINUSER                                          Setup.obs
9    ALLUSERS                                           Setup.obs
10   BASICMSI                                           isrt.obl(DebugSymbols.obs)
11   BATCH_INSTALL                                      Setup.obs
12   CMDLINE                                            isrt.obl(DebugSymbols.obs)
13   COMMONFILES                                        isrt.obl(DebugSymbols.obs)
14   COMMONFILES64                                      isrt.obl(DebugSymbols.obs)
15   DISABLE_ALLUSERBTN                                 Setup.obs
16   DISABLE_PERUSERBTN                                 Setup.obs
17   DISK1SETUPEXENAME                                  isrt.obl(DebugSymbols.obs)
18   DISK1TARGET                                        Setup.obs
19   ENABLED_ISERVICES                                  isrt.obl(DebugSymbols.obs)
20   ENGINECOMMONDIR                                    isrt.obl(DebugSymbols.obs)
21   ENGINEDIR                                          isrt.obl(DebugSymbols.obs)
22   ERRORFILENAME                                      Setup.obs
23   Err                                                Setup.obs
24   FILETIME                                           Setup.obs
25   FIND_DATAW                                         Setup.obs
26   FOLDER_APPDATA                                     isrt.obl(DebugSymbols.obs)
27   FOLDER_COMMON_APPDATA                              isrt.obl(DebugSymbols.obs)
28   FOLDER_DESKTOP                                     isrt.obl(DebugSymbols.obs)
29   FOLDER_DOTNET_10                                   isrt.obl(DebugSymbols.obs)
30   FOLDER_DOTNET_11                                   isrt.obl(DebugSymbols.obs)
31   FOLDER_DOTNET_20                                   isrt.obl(DebugSymbols.obs)
32   FOLDER_DOTNET_30                                   isrt.obl(DebugSymbols.obs)
33   FOLDER_DOTNET_35                                   isrt.obl(DebugSymbols.obs)
34   FOLDER_DOTNET_40                                   isrt.obl(DebugSymbols.obs)
35   FOLDER_FONTS                                       isrt.obl(DebugSymbols.obs)
36   FOLDER_LOCAL_APPDATA                               isrt.obl(DebugSymbols.obs)
37   FOLDER_PERSONAL                                    isrt.obl(DebugSymbols.obs)
38   FOLDER_PROGRAMS                                    isrt.obl(DebugSymbols.obs)
39   FOLDER_STARTMENU                                   isrt.obl(DebugSymbols.obs)
40   FOLDER_STARTUP                                     isrt.obl(DebugSymbols.obs)
41   FOLDER_TEMP                                        isrt.obl(DebugSymbols.obs)
42   FileRegistrar                                      Setup.obs
43   HIDE_DISABLED_BTNS                                 Setup.obs
44   HKEYCURRENTROOTKEY                                 Setup.obs
45   IFX_COMPANY_NAME                                   Setup.obs
46   IFX_DISK1INSTALLED                                 Setup.obs
47   IFX_INITIALIZED                                    Setup.obs
48   IFX_INSTALLED_DISPLAY_VERSION                      Setup.obs
49   IFX_INSTALLED_VERSION                              Setup.obs
50   IFX_KEYPATH_PRODUCT_INFO                           Setup.obs
51   IFX_MULTI_INSTANCE_SUFFIX                          Setup.obs
52   IFX_OPEN_RESTORE_POINT                             isrt.obl(PCRestore.obs)
53   IFX_PRODUCT_COMMENTS                               Setup.obs
54   IFX_PRODUCT_DISPLAY_NAME                           Setup.obs
55   IFX_PRODUCT_DISPLAY_VERSION                        Setup.obs
56   IFX_PRODUCT_ICON                                   Setup.obs
57   IFX_PRODUCT_KEY                                    Setup.obs
58   IFX_PRODUCT_NAME                                   Setup.obs
59   IFX_PRODUCT_README                                 Setup.obs
60   IFX_PRODUCT_REGISTEREDCOMPANY                      Setup.obs
61   IFX_PRODUCT_REGISTEREDOWNER                        Setup.obs
62   IFX_PRODUCT_REGISTEREDSERIALNUM                    Setup.obs
63   IFX_PRODUCT_SUPPORT_CONTACT                        Setup.obs
64   IFX_PRODUCT_SUPPORT_PHONE                          Setup.obs
65   IFX_PRODUCT_SUPPORT_URL                            Setup.obs
66   IFX_PRODUCT_UPDATE_URL                             Setup.obs
67   IFX_PRODUCT_URL                                    Setup.obs
68   IFX_PRODUCT_VERSION                                Setup.obs
69   IFX_RESTORE_DISABLED                               isrt.obl(PCRestore.obs)
70   IFX_SETUP_TITLE                                    Setup.obs
71   IFX_SUPPORTED_VERSIONS                             Setup.obs
72   IISROOTFOLDER                                      isrt.obl(DebugSymbols.obs)
73   INSTALLSCRIPTMSI                                   isrt.obl(DebugSymbols.obs)
74   INSTALLSCRIPTMSIEEUI                               isrt.obl(DebugSymbols.obs)
75   INSTANCE_GUID                                      isrt.obl(DebugSymbols.obs)
76   ISDIFXAPPID                                        Setup.obs
77   ISRES                                              isrt.obl(DebugSymbols.obs)
78   ISUSER                                             isrt.obl(DebugSymbols.obs)
79   ISUTIL_FUNCTION_ACTUAL_ERROR                       Setup.obs
80   ISUTIL_LINE_NUMBER                                 Setup.obs
81   ISUTIL_SCRIPT_FILE                                 Setup.obs
82   ISVERSION                                          isrt.obl(DebugSymbols.obs)
83   IS_NULLSTR_PTR                                     Setup.obs
84   InetSRCDIR                                         Setup.obs
85   LAAW_PARAMETERS                                    Setup.obs
86   LAAW_SHELLEXECUTEINFO                              Setup.obs
87   LAAW_SHELLEXECUTEVERB                              Setup.obs
88   LAAW_STARTUPINFO                                   Setup.obs
89   LAST_RESULT                                        Setup.obs
90   LogDB                                              Setup.obs
91   MAINTENANCE                                        isrt.obl(DebugSymbols.obs)
92   MAINT_OPTION                                       isrt.obl(DebugSymbols.obs)
93   MEDIA                                              Setup.obs
94   MEDIA_INFO                                         isrt.obl(Feature.obs)
95   MODE                                               Setup.obs
96   MSG                                                Setup.obs
97   MULTI_INSTANCE_COUNT                               isrt.obl(DebugSymbols.obs)
98   MainWindow                                         Setup.obs
99   NOTHING                                            Setup.obs
100  OSINFO_PLATFORM_INFO                               Setup.obs
101  OSINFO_PROCESSOR_INFO                              Setup.obs
102  OSVERSIONINFOEXW                                   Setup.obs
103  OSVERSIONINFOW                                     Setup.obs
104  Objects                                            Setup.obs
105  PACKAGE_LOCATION                                   isrt.obl(DebugSymbols.obs)
106  POINT                                              Setup.obs
107  PRIVILEGED                                         Setup.obs
108  PRODUCT_GUID                                       isrt.obl(DebugSymbols.obs)
109  PROGRAMFILES                                       isrt.obl(DebugSymbols.obs)
110  PROGRAMFILES64                                     isrt.obl(DebugSymbols.obs)
111  RECT                                               Setup.obs
112  REGDB_OPTIONS                                      Setup.obs
113  REINSTALLMODE                                      isrt.obl(DebugSymbols.obs)
114  REMOVEALLMODE                                      isrt.obl(DebugSymbols.obs)
115  REMOVEONLY                                         isrt.obl(DebugSymbols.obs)
116  RUN_ONCE_PROGRAM                                   isrt.obl(DebugSymbols.obs)
117  Reboot                                             Setup.obs
118  SELECTED_LANGUAGE                                  isrt.obl(DebugSymbols.obs)
119  SERVICE_IS_PARAMS                                  Setup.obs
120  SETUPTYPE_STR_COMPACT                              Setup.obs
121  SETUPTYPE_STR_COMPLETE                             Setup.obs
122  SETUPTYPE_STR_CUSTOM                               Setup.obs
123  SETUPTYPE_STR_TYPICAL                              Setup.obs
124  SHAREDSUPPORTDIR                                   isrt.obl(DebugSymbols.obs)
125  SHELLEXECUTEINFOW                                  Setup.obs
126  SHELL_OBJECT_FOLDER                                Setup.obs
127  SHOW_PASSWORD_DIALOG                               isrt.obl(DebugSymbols.obs)
128  SRCDIR                                             Setup.obs
129  SRCDISK                                            isrt.obl(DebugSymbols.obs)
130  STANDARD_SELECTED_LANGUAGE                         isrt.obl(DebugSymbols.obs)
131  STARTUPINFOW                                       Setup.obs
132  SUPPORTDIR                                         isrt.obl(DebugSymbols.obs)
133  SYSINFO                                            Setup.obs
134  SYSPROCESSORINFO                                   Setup.obs
135  SYSTEMTIME                                         Setup.obs
136  SetupInfo                                          Setup.obs
137  StatusDlg                                          Setup.obs
138  TARGETDIR                                          Setup.obs
139  TARGETDISK                                         isrt.obl(DebugSymbols.obs)
140  TextSub                                            Setup.obs
141  UNINST                                             Setup.obs
142  UNINSTALLKEY                                       Setup.obs
143  UNINSTALL_DISPLAYNAME                              Setup.obs
144  UNINSTALL_STRING                                   Setup.obs
145  UPDATEMODE                                         Setup.obs
146  WINDIR                                             isrt.obl(DebugSymbols.obs)
147  WINDISK                                            isrt.obl(DebugSymbols.obs)
148  WINSYSDIR                                          isrt.obl(DebugSymbols.obs)
149  WINSYSDIR64                                        isrt.obl(DebugSymbols.obs)
150  WINSYSDISK                                         isrt.obl(DebugSymbols.obs)
151  _FONTFILEINFO                                      Setup.obs
152  _INT64                                             Setup.obs
153  _ISDIFXINSTALLERINFO                               isrt.obl(ISDIFx.obs)
154  _LAAW_PARAMETERS                                   Setup.obs
155  _RESTOREPOINTINFO                                  Setup.obs
156  _SERVICE_IS_PARAMS                                 Setup.obs
157  _STATEMGRSTATUS                                    Setup.obs
158  _WIN9X                                             Setup.obs
159  _WINNT                                             Setup.obs
160  __hContext                                         Setup.obs
161  __objGlobalTextSub                                 Setup.obs
162  __szGUID                                           Setup.obs
163  bBackButton                                        Setup.obs
164  bCancelButton                                      Setup.obs
165  bEnterDiskBeep                                     Setup.obs
166  bFinishButton                                      Setup.obs
167  bIFXLFNoToAll                                      Setup.obs
168  bIFXLFOnRebootToAll                                Setup.obs
169  bIFXLFYesToAll                                     Setup.obs
170  bIFXMD5IgnoreToAll                                 Setup.obs
171  bIFXRONoToAll                                      Setup.obs
172  bIFXROYesToAll                                     Setup.obs
173  bIFXSFNoToAll                                      Setup.obs
174  bIFXSFYesToAll                                     Setup.obs
175  bInstall16                                         Setup.obs
176  bNextButton                                        Setup.obs
177  bSdInit                                            Setup.obs
178  bViewCmptKunits                                    Setup.obs
179  bViewCmptUseDecimal                                Setup.obs
180  g_bSuppressMissingStringWarning                    isrt.obl(Enable.obs)
181  nDlgEnterPassword                                  Setup.obs
182  nDlgMessageBox                                     Setup.obs
183  nDlgSelectDir                                      Setup.obs
184  nDlgSprintfBox                                     Setup.obs
185  nSdAskDestPath2                                    Setup.obs
186  nSdComponentTree                                   Setup.obs
187  nSdFinish                                          Setup.obs
188  nSdFinishReboot                                    Setup.obs
189  nSdLicense2                                        Setup.obs
190  nSdLicense2Rtf                                     Setup.obs
191  nSdStartCopy2                                      Setup.obs
192  nSdWelcome                                         Setup.obs
193  nSdWelcomeMaint                                    Setup.obs
194  szAppKey                                           Setup.obs
195  szSdProduct                                        Setup.obs
196  szSdStr_NotEnoughSpace                             Setup.obs
