
 Start         Length     Name                   Class
 0001:00401000 00049424H .text                   CODE
 0002:0044B000 0000060CH .itext                  ICODE
 0003:0044C000 00000ADCH .data                   DATA
 0004:0044D000 000004E0H .bss                    BSS
 0005:00000000 00000000H .tls                    TLS


Detailed map of segments

 0001:00000000 00000306 C=CODE     S=.text    G=(none)   M=System   ACBP=A9
 0001:00000308 000001C3 C=CODE     S=.text    G=(none)   M=SysInit  ACBP=A9
 0001:000004CC 000002EC C=CODE     S=.text    G=(none)   M=Windows  ACBP=A9
 0001:000007B8 00000006 C=CODE     S=.text    G=(none)   M=Types    ACBP=A9
 0001:000007C0 00000166 C=CODE     S=.text    G=(none)   M=SysUtils ACBP=A9
 0001:00000928 0000041E C=CODE     S=.text    G=(none)   M=Classes  ACBP=A9
 0001:00000D48 0000001E C=CODE     S=.text    G=(none)   M=TypInfo  ACBP=A9
 0001:00000D68 00000006 C=CODE     S=.text    G=(none)   M=Variants ACBP=A9
 0001:00000D70 00000006 C=CODE     S=.text    G=(none)   M=VarUtils ACBP=A9
 0001:00000D78 0000023E C=CODE     S=.text    G=(none)   M=Graphics ACBP=A9
 0001:00000FB8 00000046 C=CODE     S=.text    G=(none)   M=Registry ACBP=A9
 0001:00001000 00000006 C=CODE     S=.text    G=(none)   M=IniFiles ACBP=A9
 0001:00001008 0000040E C=CODE     S=.text    G=(none)   M=Controls ACBP=A9
 0001:00001418 00000006 C=CODE     S=.text    G=(none)   M=ActnList ACBP=A9
 0001:00001420 00000076 C=CODE     S=.text    G=(none)   M=Math     ACBP=A9
 0001:00001498 00000006 C=CODE     S=.text    G=(none)   M=Themes   ACBP=A9
 0001:000014A0 0000001E C=CODE     S=.text    G=(none)   M=Menus    ACBP=A9
 0001:000014C0 00000006 C=CODE     S=.text    G=(none)   M=UxTheme  ACBP=A9
 0001:000014C8 00000006 C=CODE     S=.text    G=(none)   M=MultiMon ACBP=A9
 0001:000014D0 00000006 C=CODE     S=.text    G=(none)   M=DwmApi   ACBP=A9
 0001:000014D8 0000019E C=CODE     S=.text    G=(none)   M=Forms    ACBP=A9
 0001:00001678 00000006 C=CODE     S=.text    G=(none)   M=HelpIntfs ACBP=A9
 0001:00001680 00000016 C=CODE     S=.text    G=(none)   M=Dialogs  ACBP=A9
 0001:00001698 000001F6 C=CODE     S=.text    G=(none)   M=StdCtrls ACBP=A9
 0001:00001890 0000005E C=CODE     S=.text    G=(none)   M=Printers ACBP=A9
 0001:000018F0 00000076 C=CODE     S=.text    G=(none)   M=ExtCtrls ACBP=A9
 0001:00001968 00000006 C=CODE     S=.text    G=(none)   M=GraphUtil ACBP=A9
 0001:00001970 00000016 C=CODE     S=.text    G=(none)   M=Clipbrd  ACBP=A9
 0001:00001988 00000006 C=CODE     S=.text    G=(none)   M=FlatSB   ACBP=A9
 0001:00001990 0000008E C=CODE     S=.text    G=(none)   M=ComCtrls ACBP=A9
 0001:00001A20 00000006 C=CODE     S=.text    G=(none)   M=ExtActns ACBP=A9
 0001:00001A28 00000006 C=CODE     S=.text    G=(none)   M=ExtDlgs  ACBP=A9
 0001:00001A30 00000036 C=CODE     S=.text    G=(none)   M=Buttons  ACBP=A9
 0001:00001A68 00000006 C=CODE     S=.text    G=(none)   M=Mapi     ACBP=A9
 0001:00001A70 00000056 C=CODE     S=.text    G=(none)   M=Grids    ACBP=A9
 0001:00001AC8 0000004E C=CODE     S=.text    G=(none)   M=Mask     ACBP=A9
 0001:00001B18 00000006 C=CODE     S=.text    G=(none)   M=CheckLst ACBP=A9
 0001:00001B20 00000016 C=CODE     S=.text    G=(none)   M=VAUtils  ACBP=A9
 0001:00001B38 00000006 C=CODE     S=.text    G=(none)   M=ComObj   ACBP=A9
 0001:00001B40 00000056 C=CODE     S=.text    G=(none)   M=Calendar ACBP=A9
 0001:00001B98 000003EA C=CODE     S=.text    G=(none)   M=ORDtTmCal ACBP=A9
 0001:00001F84 0000006E C=CODE     S=.text    G=(none)   M=ORCtrls  ACBP=A9
 0001:00001FF4 000035E6 C=CODE     S=.text    G=(none)   M=TeeConst ACBP=A9
 0001:000055DC 000023A0 C=CODE     S=.text    G=(none)   M=TeeHtml  ACBP=A9
 0001:0000797C 0000CC97 C=CODE     S=.text    G=(none)   M=TeCanvas ACBP=A9
 0001:00014614 000067A5 C=CODE     S=.text    G=(none)   M=TeeProcs ACBP=A9
 0001:0001ADBC 00016568 C=CODE     S=.text    G=(none)   M=TeEngine ACBP=A9
 0001:00031324 0000A3EA C=CODE     S=.text    G=(none)   M=Chart    ACBP=A9
 0001:0003B710 00006790 C=CODE     S=.text    G=(none)   M=ORFn     ACBP=A9
 0001:00041EA0 00000046 C=CODE     S=.text    G=(none)   M=Trpcb    ACBP=A9
 0001:00041EE8 00000006 C=CODE     S=.text    G=(none)   M=OleCtrls ACBP=A9
 0001:00041EF0 00000006 C=CODE     S=.text    G=(none)   M=AxCtrls  ACBP=A9
 0001:00041EF8 00000006 C=CODE     S=.text    G=(none)   M=OleServer ACBP=A9
 0001:00041F00 00000006 C=CODE     S=.text    G=(none)   M=Hash     ACBP=A9
 0001:00041F08 00000006 C=CODE     S=.text    G=(none)   M=MFunStr  ACBP=A9
 0001:00041F10 00000016 C=CODE     S=.text    G=(none)   M=WinSock  ACBP=A9
 0001:00041F28 00000006 C=CODE     S=.text    G=(none)   M=SelDiv   ACBP=A9
 0001:00041F30 00000006 C=CODE     S=.text    G=(none)   M=XWBRich20 ACBP=A9
 0001:00041F38 00000006 C=CODE     S=.text    G=(none)   M=Sgnoncnf ACBP=A9
 0001:00041F40 0000000E C=CODE     S=.text    G=(none)   M=Rpcconf1 ACBP=A9
 0001:00041F50 00000006 C=CODE     S=.text    G=(none)   M=RpcNet   ACBP=A9
 0001:00041F58 0000147D C=CODE     S=.text    G=(none)   M=ORNet    ACBP=A9
 0001:000433D8 00000226 C=CODE     S=.text    G=(none)   M=OR2006Compatibility ACBP=A9
 0001:00043600 00004E42 C=CODE     S=.text    G=(none)   M=ORDtTm   ACBP=A9
 0001:00048444 00000C1E C=CODE     S=.text    G=(none)   M=ORDtTmRng ACBP=A9
 0001:00049064 000003BF C=CODE     S=.text    G=(none)   M=.ORDateLib2006 ACBP=A9
 0002:00000000 00000006 C=ICODE    S=.itext   G=(none)   M=System   ACBP=A9
 0002:00000008 00000011 C=ICODE    S=.itext   G=(none)   M=Windows  ACBP=A9
 0002:0000001C 00000006 C=ICODE    S=.itext   G=(none)   M=SysUtils ACBP=A9
 0002:00000024 00000006 C=ICODE    S=.itext   G=(none)   M=Classes  ACBP=A9
 0002:0000002C 00000006 C=ICODE    S=.itext   G=(none)   M=TypInfo  ACBP=A9
 0002:00000034 00000006 C=ICODE    S=.itext   G=(none)   M=Variants ACBP=A9
 0002:0000003C 00000006 C=ICODE    S=.itext   G=(none)   M=VarUtils ACBP=A9
 0002:00000044 00000006 C=ICODE    S=.itext   G=(none)   M=Graphics ACBP=A9
 0002:0000004C 00000006 C=ICODE    S=.itext   G=(none)   M=Registry ACBP=A9
 0002:00000054 00000006 C=ICODE    S=.itext   G=(none)   M=IniFiles ACBP=A9
 0002:0000005C 00000006 C=ICODE    S=.itext   G=(none)   M=Controls ACBP=A9
 0002:00000064 00000006 C=ICODE    S=.itext   G=(none)   M=ActnList ACBP=A9
 0002:0000006C 00000006 C=ICODE    S=.itext   G=(none)   M=Themes   ACBP=A9
 0002:00000074 00000006 C=ICODE    S=.itext   G=(none)   M=Menus    ACBP=A9
 0002:0000007C 00000006 C=ICODE    S=.itext   G=(none)   M=UxTheme  ACBP=A9
 0002:00000084 00000006 C=ICODE    S=.itext   G=(none)   M=MultiMon ACBP=A9
 0002:0000008C 00000006 C=ICODE    S=.itext   G=(none)   M=DwmApi   ACBP=A9
 0002:00000094 00000006 C=ICODE    S=.itext   G=(none)   M=Forms    ACBP=A9
 0002:0000009C 00000006 C=ICODE    S=.itext   G=(none)   M=HelpIntfs ACBP=A9
 0002:000000A4 00000006 C=ICODE    S=.itext   G=(none)   M=Dialogs  ACBP=A9
 0002:000000AC 00000006 C=ICODE    S=.itext   G=(none)   M=Printers ACBP=A9
 0002:000000B4 00000006 C=ICODE    S=.itext   G=(none)   M=ExtCtrls ACBP=A9
 0002:000000BC 00000006 C=ICODE    S=.itext   G=(none)   M=GraphUtil ACBP=A9
 0002:000000C4 00000006 C=ICODE    S=.itext   G=(none)   M=Clipbrd  ACBP=A9
 0002:000000CC 00000006 C=ICODE    S=.itext   G=(none)   M=FlatSB   ACBP=A9
 0002:000000D4 00000006 C=ICODE    S=.itext   G=(none)   M=ComCtrls ACBP=A9
 0002:000000DC 00000006 C=ICODE    S=.itext   G=(none)   M=ExtActns ACBP=A9
 0002:000000E4 00000006 C=ICODE    S=.itext   G=(none)   M=ExtDlgs  ACBP=A9
 0002:000000EC 00000006 C=ICODE    S=.itext   G=(none)   M=Buttons  ACBP=A9
 0002:000000F4 00000006 C=ICODE    S=.itext   G=(none)   M=Mapi     ACBP=A9
 0002:000000FC 00000006 C=ICODE    S=.itext   G=(none)   M=CheckLst ACBP=A9
 0002:00000104 00000006 C=ICODE    S=.itext   G=(none)   M=VAUtils  ACBP=A9
 0002:0000010C 00000006 C=ICODE    S=.itext   G=(none)   M=ComObj   ACBP=A9
 0002:00000114 00000008 C=ICODE    S=.itext   G=(none)   M=ORDtTmCal ACBP=A9
 0002:0000011C 00000006 C=ICODE    S=.itext   G=(none)   M=ORCtrls  ACBP=A9
 0002:00000124 00000036 C=ICODE    S=.itext   G=(none)   M=TeeConst ACBP=A9
 0002:0000015C 0000002C C=ICODE    S=.itext   G=(none)   M=TeeHtml  ACBP=A9
 0002:00000188 0000004F C=ICODE    S=.itext   G=(none)   M=TeCanvas ACBP=A9
 0002:000001D8 00000084 C=ICODE    S=.itext   G=(none)   M=TeeProcs ACBP=A9
 0002:0000025C 000000A8 C=ICODE    S=.itext   G=(none)   M=TeEngine ACBP=A9
 0002:00000304 00000168 C=ICODE    S=.itext   G=(none)   M=Chart    ACBP=A9
 0002:0000046C 00000090 C=ICODE    S=.itext   G=(none)   M=ORFn     ACBP=A9
 0002:000004FC 00000006 C=ICODE    S=.itext   G=(none)   M=Trpcb    ACBP=A9
 0002:00000504 00000006 C=ICODE    S=.itext   G=(none)   M=OleCtrls ACBP=A9
 0002:0000050C 00000006 C=ICODE    S=.itext   G=(none)   M=AxCtrls  ACBP=A9
 0002:00000514 00000006 C=ICODE    S=.itext   G=(none)   M=OleServer ACBP=A9
 0002:0000051C 00000006 C=ICODE    S=.itext   G=(none)   M=Hash     ACBP=A9
 0002:00000524 00000006 C=ICODE    S=.itext   G=(none)   M=MFunStr  ACBP=A9
 0002:0000052C 00000006 C=ICODE    S=.itext   G=(none)   M=SelDiv   ACBP=A9
 0002:00000534 00000006 C=ICODE    S=.itext   G=(none)   M=XWBRich20 ACBP=A9
 0002:0000053C 00000006 C=ICODE    S=.itext   G=(none)   M=Sgnoncnf ACBP=A9
 0002:00000544 00000006 C=ICODE    S=.itext   G=(none)   M=Rpcconf1 ACBP=A9
 0002:0000054C 00000006 C=ICODE    S=.itext   G=(none)   M=RpcNet   ACBP=A9
 0002:00000554 00000084 C=ICODE    S=.itext   G=(none)   M=ORNet    ACBP=A9
 0002:000005D8 00000008 C=ICODE    S=.itext   G=(none)   M=OR2006Compatibility ACBP=A9
 0002:000005E0 0000001C C=ICODE    S=.itext   G=(none)   M=ORDtTm   ACBP=A9
 0002:000005FC 00000008 C=ICODE    S=.itext   G=(none)   M=ORDtTmRng ACBP=A9
 0002:00000604 00000005 C=ICODE    S=.itext   G=(none)   M=.ORDateLib2006 ACBP=A9
 0003:00000000 00000030 C=DATA     S=.data    G=DGROUP   M=SysInit  ACBP=A9
 0003:00000030 00000011 C=DATA     S=.data    G=DGROUP   M=TeeConst ACBP=A9
 0003:00000044 00000098 C=DATA     S=.data    G=DGROUP   M=TeCanvas ACBP=A9
 0003:000000DC 00000158 C=DATA     S=.data    G=DGROUP   M=TeeProcs ACBP=A9
 0003:00000234 0000004C C=DATA     S=.data    G=DGROUP   M=TeEngine ACBP=A9
 0003:00000280 0000022C C=DATA     S=.data    G=DGROUP   M=Chart    ACBP=A9
 0003:000004AC 00000510 C=DATA     S=.data    G=DGROUP   M=ORFn     ACBP=A9
 0003:000009BC 0000000E C=DATA     S=.data    G=DGROUP   M=ORNet    ACBP=A9
 0003:000009CC 00000030 C=DATA     S=.data    G=DGROUP   M=ORDtTm   ACBP=A9
 0004:00000000 0000000C C=BSS      S=.bss     G=DGROUP   M=SysInit  ACBP=A9
 0004:0000000C 00000008 C=BSS      S=.bss     G=DGROUP   M=Windows  ACBP=A9
 0004:00000014 00000004 C=BSS      S=.bss     G=DGROUP   M=ORDtTmCal ACBP=A9
 0004:00000018 00000454 C=BSS      S=.bss     G=DGROUP   M=TeeConst ACBP=A9
 0004:0000046C 00000014 C=BSS      S=.bss     G=DGROUP   M=TeeHtml  ACBP=A9
 0004:00000480 0000000C C=BSS      S=.bss     G=DGROUP   M=TeCanvas ACBP=A9
 0004:0000048C 00000008 C=BSS      S=.bss     G=DGROUP   M=TeeProcs ACBP=A9
 0004:00000494 00000008 C=BSS      S=.bss     G=DGROUP   M=TeEngine ACBP=A9
 0004:0000049C 00000004 C=BSS      S=.bss     G=DGROUP   M=Chart    ACBP=A9
 0004:000004A0 00000010 C=BSS      S=.bss     G=DGROUP   M=ORFn     ACBP=A9
 0004:000004B0 00000015 C=BSS      S=.bss     G=DGROUP   M=ORNet    ACBP=A9
 0004:000004C8 00000008 C=BSS      S=.bss     G=DGROUP   M=OR2006Compatibility ACBP=A9
 0004:000004D0 0000000C C=BSS      S=.bss     G=DGROUP   M=ORDtTm   ACBP=A9
 0004:000004DC 00000004 C=BSS      S=.bss     G=DGROUP   M=ORDtTmRng ACBP=A9


  Address             Publics by Name

 0002:00000604       .ORDateLib2006..ORDateLib2006
 0001:00049404       .ORDateLib2006.@GetPackageInfoTable
 0001:0004940C       .ORDateLib2006.@PackageLoad
 0001:00049418       .ORDateLib2006.@PackageUnload
 0004:0000049C       Chart..42
 0001:00031744       Chart..LegendException
 0001:00033144       Chart..TChart
 0001:00032C90       Chart..TChartBackWall
 0001:000328B0       Chart..TChartFootTitle
 0001:00031FC4       Chart..TChartLegend
 0001:000315A4       Chart..TChartLegendGradient
 0001:00032D6C       Chart..TChartRightWall
 0001:00034708       Chart..TChartTheme
 0001:00032590       Chart..TChartTitle
 0001:000313C0       Chart..TChartWall
 0001:00032E48       Chart..TChartWalls
 0001:000345EC       Chart..TColorPalettes
 0001:00032F44       Chart..TCustomChart
 0001:00031F1C       Chart..TCustomChartLegend
 0001:00031324       Chart..TCustomChartWall
 0001:00031D28       Chart..TLegendItem
 0001:00031E40       Chart..TLegendItems
 0001:0003195C       Chart..TLegendSymbol
 0001:00031C28       Chart..TLegendTitle
 0001:00031B44       Chart..TTeeCustomShapePosition
 0001:00034544       Chart..TTeeDragObject
 0001:0003441C       Chart..TTeeSeriesTypes
 0001:000344B0       Chart..TTeeToolTypes
 0003:00000280       Chart.AnimatedZoomFactor
 0001:0003A73C       Chart.AssignSeries
 0001:00036B18       Chart.CalcAxisScale
 0001:00036404       Chart.CalcBottomWallPoints
 0001:000398AC       Chart.CalcColumnsWidth
 0001:000396E8       Chart.CalcHorizontalPositions
 0001:00039C24       Chart.CalcMargin
 0001:00039304       Chart.CalcMaxLegendValues
 0001:00039694       Chart.CalcSymbolTextPos
 0001:000393B8       Chart.CalcTotalItems
 0001:00034BBC       Chart.CalculateYPos
 0001:00039AB8       Chart.CalcVerticalPositions
 0001:00039A04       Chart.CalcWidths
 0001:0003AB74       Chart.ChangeAllSeriesType
 0001:0003AB30       Chart.ChangeSeriesType
 0002:00000304       Chart.Chart
 0001:00037260       Chart.CheckBackground
 0001:000372CC       Chart.CheckTitle
 0001:0003711C       Chart.CheckZoomPanning
 0003:00000388       Chart.ClassicPalette
 0001:00036CE0       Chart.ClickedAxis
 0001:00036D14       Chart.ClickedLegend
 0001:0003A334       Chart.ClickedRow
 0001:0003AADC       Chart.CloneChartSeries
 0001:0003AAD0       Chart.CloneChartSeries
 0001:0003AAE8       Chart.CloneChartSeries
 0003:00000294       Chart.ColorPalettes
 0001:00036164       Chart.CreateBlender
 0001:0003AA18       Chart.CreateNewSeries
 0001:0003A998       Chart.CreateNewTeeFunction
 0001:00037FF8       Chart.DoColorPaletteIndex
 0001:00035BC8       Chart.DoDrawTitle
 0001:00036910       Chart.DoZoomAnimated
 0001:00035B50       Chart.DrawAxisAfter
 0001:00035B88       Chart.DrawAxisGridAfter
 0001:00035FE8       Chart.DrawBackWallGradient
 0001:00036500       Chart.DrawBottomWall
 0001:00039470       Chart.DrawItems
 0001:00038D80       Chart.DrawLegendItem
 0001:00038C40       Chart.DrawSymbol
 0001:00035BE0       Chart.DrawTitleFoot
 0001:00034BEC       Chart.DrawTitleLine
 0001:0003B04C       Chart.DrawTitleLine
 0003:000002AC       Chart.ExcelPalette
 0001:0003B6C0       Chart.Finalization
 0001:0003AECC       Chart.GetGallerySeriesName
 0001:000395FC       Chart.GetItems
 0001:0003A3AC       Chart.GetLegendBounds
 0001:0003985C       Chart.GetLegendRectangle
 0001:0003A714       Chart.GetNewSeriesName
 0001:0003AD38       Chart.InternalUnRegister
 0001:00036D50       Chart.LegendOnTop
 0001:0003935C       Chart.MaxLegendValues
 0003:000003DC       Chart.ModernPalette
 0001:0003A600       Chart.PaintSeriesLegend
 0001:000376FC       Chart.PanAxis
 0003:00000330       Chart.PastelsPalette
 0001:00037668       Chart.ProcessPanning
 0003:00000414       Chart.RainbowPalette
 0001:0003AD28       Chart.RegisterTeeBasicFunction
 0001:0003AD10       Chart.RegisterTeeFunction
 0001:0003ACE8       Chart.RegisterTeeSeries
 0001:0003AD00       Chart.RegisterTeeSeries
 0001:0003AC50       Chart.RegisterTeeSeriesFunction
 0001:0003AE30       Chart.RegisterTeeTools
 0001:00039D74       Chart.ResizeChartRect
 0001:00034D00       Chart.ResizeChartRect
 0001:00039C3C       Chart.ResizeChartRect
 0001:00039B74       Chart.ResizeVertical
 0001:00039500       Chart.SetItem
 0001:00038D00       Chart.SetRightAlign
 0003:00000368       Chart.SolidPalette
 0001:00034A3C       Chart.TChartBackWall.Create
 0001:00035144       Chart.TChartFootTitle.Create
 0001:00038144       Chart.TChartLegendGradient.Create
 0001:0003B698       Chart.TChartTheme.Apply
 0001:0003B65C       Chart.TChartTheme.Create
 0001:0003B69C       Chart.TChartTheme.Description
 0001:00034B54       Chart.TChartTitle.Assign
 0001:0003513C       Chart.TChartTitle.Clear
 0001:00034B94       Chart.TChartTitle.Clicked
 0001:00034A8C       Chart.TChartTitle.Create
 0001:00034B24       Chart.TChartTitle.Destroy
 0001:00034D60       Chart.TChartTitle.DrawTitle
 0001:000350F0       Chart.TChartTitle.GetCaption
 0001:00035098       Chart.TChartTitle.GetShapeBounds
 0001:000350A8       Chart.TChartTitle.SetAdjustFrame
 0001:000350B8       Chart.TChartTitle.SetAlignment
 0001:0003511C       Chart.TChartTitle.SetCaption
 0001:000350D4       Chart.TChartTitle.SetText
 0001:00035280       Chart.TChartWalls.Assign
 0001:000351BC       Chart.TChartWalls.Create
 0001:000352D4       Chart.TChartWalls.Destroy
 0001:0003534C       Chart.TChartWalls.GetVisible
 0001:0003531C       Chart.TChartWalls.SetBack
 0001:00035328       Chart.TChartWalls.SetBottom
 0001:00035334       Chart.TChartWalls.SetLeft
 0001:00035340       Chart.TChartWalls.SetRight
 0001:00035364       Chart.TChartWalls.SetSize
 0001:00035358       Chart.TChartWalls.SetVisible
 0001:0003B5E4       Chart.TColorPalettes.ApplyPalette
 0001:0003B4F0       Chart.TColorPalettes.ApplyPalette
 0001:00035E5C       Chart.TCustomChart.ActiveSeriesUseAxis
 0001:00037DA8       Chart.TCustomChart.Assign
 0001:00036FE8       Chart.TCustomChart.AxisTitleOrName
 0001:000370A4       Chart.TCustomChart.BroadcastMouseEvent
 0001:00036CAC       Chart.TCustomChart.CalcClickedPart
 0001:00036D68       Chart.TCustomChart.CalcNeedClickedPart
 0001:00035DF8       Chart.TCustomChart.CalcWallSize
 0001:00037CD8       Chart.TCustomChart.CalcWallsRect
 0001:00037B00       Chart.TCustomChart.CalcZoomPoints
 0001:00035398       Chart.TCustomChart.Create
 0001:00038034       Chart.TCustomChart.DefineProperties
 0001:000354F8       Chart.TCustomChart.Destroy
 0001:00037A2C       Chart.TCustomChart.DoMouseWheel
 0001:00037A54       Chart.TCustomChart.DoMouseWheelDown
 0001:00037A94       Chart.TCustomChart.DoMouseWheelUp
 0001:000369C0       Chart.TCustomChart.DoZoom
 0001:000361C8       Chart.TCustomChart.DrawBackWall
 0001:00035EF8       Chart.TCustomChart.DrawLeftWall
 0001:00035B44       Chart.TCustomChart.DrawLeftWallFirst
 0001:00038100       Chart.TCustomChart.DrawLegendShape
 0001:0003591C       Chart.TCustomChart.DrawRightWall
 0001:00035B30       Chart.TCustomChart.DrawRightWallAfter
 0001:00035C38       Chart.TCustomChart.DrawTitlesAndLegend
 0001:00035A58       Chart.TCustomChart.DrawWallFirst
 0001:000366C4       Chart.TCustomChart.DrawWalls
 0001:00037E88       Chart.TCustomChart.FillSeriesSourceItems
 0001:00037E90       Chart.TCustomChart.FillValueSourceItems
 0001:000355FC       Chart.TCustomChart.FormattedLegend
 0001:00035578       Chart.TCustomChart.FormattedValueLegend
 0001:00037EFC       Chart.TCustomChart.GetASeries
 0001:000357EC       Chart.TCustomChart.GetBackColor
 0001:00035788       Chart.TCustomChart.GetBackWall
 0001:00035794       Chart.TCustomChart.GetBottomWall
 0001:00037E38       Chart.TCustomChart.GetChildren
 0001:000357B8       Chart.TCustomChart.GetFrame
 0001:000357A0       Chart.TCustomChart.GetLeftWall
 0001:000357AC       Chart.TCustomChart.GetRightWall
 0001:000355B8       Chart.TCustomChart.InternalFormattedLegend
 0001:00035844       Chart.TCustomChart.IsFreeSeriesColor
 0001:00037350       Chart.TCustomChart.MouseDown
 0001:000377B0       Chart.TCustomChart.MouseMove
 0001:00037BC4       Chart.TCustomChart.MouseUp
 0001:00036868       Chart.TCustomChart.NextPage
 0001:00035EA4       Chart.TCustomChart.PrepareWallCanvas
 0001:0003689C       Chart.TCustomChart.PreviousPage
 0001:00037F74       Chart.TCustomChart.ReadBackColor
 0001:000380C8       Chart.TCustomChart.ReadColorPalette
 0001:000368BC       Chart.TCustomChart.RemoveAllSeries
 0001:000356D4       Chart.TCustomChart.RestoreScales
 0001:00035628       Chart.TCustomChart.SaveScales
 0001:000379A8       Chart.TCustomChart.ScrollVerticalAxes
 0001:0003683C       Chart.TCustomChart.SeriesDown
 0001:0003681C       Chart.TCustomChart.SeriesUp
 0001:00035810       Chart.TCustomChart.SetBackColor
 0001:0003577C       Chart.TCustomChart.SetBackWall
 0001:00035904       Chart.TCustomChart.SetBottomWall
 0001:00037F50       Chart.TCustomChart.SetFoot
 0001:000357D0       Chart.TCustomChart.SetFrame
 0001:000358F8       Chart.TCustomChart.SetLeftWall
 0001:0003561C       Chart.TCustomChart.SetLegend
 0001:00035910       Chart.TCustomChart.SetRightWall
 0001:000380F8       Chart.TCustomChart.SetScrollMouseButton
 0001:00037F68       Chart.TCustomChart.SetSubFoot
 0001:00037F5C       Chart.TCustomChart.SetSubTitle
 0001:00037F38       Chart.TCustomChart.SetTitle
 0001:00037F44       Chart.TCustomChart.SetWalls
 0001:00037AD4       Chart.TCustomChart.UndoZoom
 0001:00037FE8       Chart.TCustomChart.WriteColorPalette
 0001:00036C00       Chart.TCustomChart.ZoomPercent
 0001:00036AE8       Chart.TCustomChart.ZoomRect
 0001:00038738       Chart.TCustomChartLegend.Assign
 0001:00038B98       Chart.TCustomChartLegend.CalcItemHeight
 0001:00038A04       Chart.TCustomChartLegend.CalcLegendStyle
 0001:0003A400       Chart.TCustomChartLegend.Clicked
 0001:000385F0       Chart.TCustomChartLegend.Create
 0001:000386F0       Chart.TCustomChartLegend.Destroy
 0001:0003A580       Chart.TCustomChartLegend.DoMouseDown
 0001:00039DA0       Chart.TCustomChartLegend.DrawLegend
 0001:00038C00       Chart.TCustomChartLegend.FirstItemTop
 0001:00038A3C       Chart.TCustomChartLegend.FormattedLegend
 0001:0003A298       Chart.TCustomChartLegend.FormattedValue
 0001:0003A560       Chart.TCustomChartLegend.GetGradientClass
 0001:00038AF4       Chart.TCustomChartLegend.GetItem
 0001:00038B18       Chart.TCustomChartLegend.GetLegendSeries
 0001:00038B00       Chart.TCustomChartLegend.GetRectLegend
 0001:00038B10       Chart.TCustomChartLegend.GetSymbolWidth
 0001:00038AE0       Chart.TCustomChartLegend.GetVertical
 0001:0003A568       Chart.TCustomChartLegend.HasCheckBoxes
 0001:00038B74       Chart.TCustomChartLegend.PrepareSymbolPen
 0001:00038814       Chart.TCustomChartLegend.SetAlignment
 0001:0003890C       Chart.TCustomChartLegend.SetCheckBoxes
 0001:0003891C       Chart.TCustomChartLegend.SetCheckBoxesStyle
 0001:0003887C       Chart.TCustomChartLegend.SetCurrentPage
 0001:00038AC4       Chart.TCustomChartLegend.SetDividingLines
 0001:00038830       Chart.TCustomChartLegend.SetFirstValue
 0001:0003888C       Chart.TCustomChartLegend.SetFontSeriesColor
 0001:0003885C       Chart.TCustomChartLegend.SetHorizMargin
 0001:0003886C       Chart.TCustomChartLegend.SetInverted
 0001:0003889C       Chart.TCustomChartLegend.SetLeftPercent
 0001:000388AC       Chart.TCustomChartLegend.SetLegendStyle
 0001:000388D0       Chart.TCustomChartLegend.SetMaxNumRows
 0001:000388E0       Chart.TCustomChartLegend.SetPosUnits
 0001:000388FC       Chart.TCustomChartLegend.SetResizeChart
 0001:0003A31C       Chart.TCustomChartLegend.SetSeries
 0001:00038AD0       Chart.TCustomChartLegend.SetSymbol
 0001:000389F8       Chart.TCustomChartLegend.SetSymbolWidth
 0001:0003898C       Chart.TCustomChartLegend.SetTextStyle
 0001:0003ABD8       Chart.TCustomChartLegend.SetTitle
 0001:000389A8       Chart.TCustomChartLegend.SetTopLeftPos
 0001:000389BC       Chart.TCustomChartLegend.SetTopPercent
 0001:000389D0       Chart.TCustomChartLegend.SetVertMargin
 0001:000389E4       Chart.TCustomChartLegend.SetVertSpacing
 0001:0003ABB0       Chart.TCustomChartLegend.ShouldDraw
 0001:00034830       Chart.TCustomChartWall.ApplyDark3D
 0001:000347F4       Chart.TCustomChartWall.Assign
 0001:0003479C       Chart.TCustomChartWall.Create
 0001:0003485C       Chart.TCustomChartWall.GetPen
 0001:000348A0       Chart.TCustomChartWall.HasGradient
 0001:00034888       Chart.TCustomChartWall.InitColor
 0001:000347E8       Chart.TCustomChartWall.IsColorStored
 0001:00034A0C       Chart.TCustomChartWall.SetAutoHide
 0001:00034878       Chart.TCustomChartWall.SetDark3D
 0001:00034860       Chart.TCustomChartWall.SetPen
 0001:00034868       Chart.TCustomChartWall.SetSize
 0001:00034A1C       Chart.TCustomChartWall.ShouldDraw
 0001:000348B4       Chart.TCustomChartWall.TryDrawWall
 0003:000002A8       Chart.TeeNewChartHook
 0003:000002A0       Chart.TeePageNumToolClass
 0003:00000288       Chart.TeeScrollKeyShift
 0003:00000298       Chart.TeeSeriesTypes
 0003:000002A4       Chart.TeeThemeSelectorHook
 0003:0000028C       Chart.TeeTitleFootDistance
 0003:0000029C       Chart.TeeToolTypes
 0003:00000290       Chart.TeeUseMouseWheel
 0001:00038524       Chart.TLegendItem.SetText
 0001:000385B0       Chart.TLegendItems.Clear
 0001:00038560       Chart.TLegendItems.Get
 0001:00038330       Chart.TLegendSymbol.Assign
 0001:0003838C       Chart.TLegendSymbol.CalcWidth
 0001:00038328       Chart.TLegendSymbol.CanvasChanged
 0001:00038278       Chart.TLegendSymbol.Create
 0001:000382F0       Chart.TLegendSymbol.Destroy
 0001:00038494       Chart.TLegendSymbol.Draw
 0001:000383E4       Chart.TLegendSymbol.Repaint
 0001:00038438       Chart.TLegendSymbol.SetBooleanProperty
 0001:00038444       Chart.TLegendSymbol.SetContinuous
 0001:0003845C       Chart.TLegendSymbol.SetDefaultPen
 0001:00038484       Chart.TLegendSymbol.SetGradient
 0001:0003846C       Chart.TLegendSymbol.SetPen
 0001:00038428       Chart.TLegendSymbol.SetPosition
 0001:00038478       Chart.TLegendSymbol.SetSquared
 0001:00038450       Chart.TLegendSymbol.SetVisible
 0001:000383F8       Chart.TLegendSymbol.SetWidth
 0001:00038418       Chart.TLegendSymbol.SetWidthUnits
 0001:0003AF1C       Chart.TLegendTitle.Assign
 0001:0003B398       Chart.TLegendTitle.CalcHeight
 0001:0003B428       Chart.TLegendTitle.CalcShapeBounds
 0001:0003AF54       Chart.TLegendTitle.Create
 0001:0003B008       Chart.TLegendTitle.Destroy
 0001:0003B160       Chart.TLegendTitle.DrawText
 0001:0003B4A4       Chart.TLegendTitle.GetCaption
 0001:0003B4D0       Chart.TLegendTitle.SetCaption
 0001:0003B27C       Chart.TLegendTitle.SetText
 0001:0003B298       Chart.TLegendTitle.SetTextAlign
 0001:0003B038       Chart.TLegendTitle.TextChanged
 0001:0003B2B4       Chart.TLegendTitle.TotalWidth
 0001:00038210       Chart.TTeeCustomShapePosition.Assign
 0001:00038264       Chart.TTeeCustomShapePosition.GetLeft
 0001:00038268       Chart.TTeeCustomShapePosition.GetTop
 0001:0003826C       Chart.TTeeCustomShapePosition.IsCustomStored
 0001:000381A8       Chart.TTeeCustomShapePosition.SetCustomPosition
 0001:000381C8       Chart.TTeeCustomShapePosition.SetLeft
 0001:000381EC       Chart.TTeeCustomShapePosition.SetTop
 0001:0003ADD0       Chart.TTeeDragObject.Create
 0001:0003AE1C       Chart.TTeeDragObject.Finished
 0001:0003AE04       Chart.TTeeDragObject.GetDragCursor
 0001:0003ABE4       Chart.TTeeSeriesTypes.Clear
 0001:0003AC1C       Chart.TTeeSeriesTypes.Find
 0001:0003AC14       Chart.TTeeSeriesTypes.Get
 0001:0003AE28       Chart.TTeeToolTypes.Get
 0001:0003ADB0       Chart.UnRegisterTeeFunctions
 0001:0003AD90       Chart.UnRegisterTeeSeries
 0001:0003AE80       Chart.UnRegisterTeeTools
 0003:00000304       Chart.VictorianPalette
 0003:000003B8       Chart.WebPalette
 0003:00000478       Chart.WindowsXPPalette
 0001:000368D8       Chart.ZoomAxis
 0004:000004CC       OR2006Compatibility..2
 0001:000433D8       OR2006Compatibility..Tfrm2006Compatibility
 0001:000435D0       OR2006Compatibility.Finalization
 0004:000004C8       OR2006Compatibility.frm2006Compatibility
 0002:000005D8       OR2006Compatibility.OR2006Compatibility
 0001:0004357C       OR2006Compatibility.Tfrm2006Compatibility.CreateNew
 0004:000004D0       ORDtTm..01
 0001:00043EF4       ORDtTm..TORDateBox
 0001:00043B40       ORDtTm..TORDateButton
 0001:000445EC       ORDtTm..TORDateCombo
 0001:00043CA8       ORDtTm..TORDateEdit
 0001:00043A08       ORDtTm..TORDateTimeDlg
 0001:0004414C       ORDtTm..TORDayCombo
 0001:00043600       ORDtTm..TORfrmDtTm
 0001:000442A0       ORDtTm..TORMonthCombo
 0001:000443FC       ORDtTm..TORYearEdit
 0001:0004498C       ORDtTm.ActiveBroker
 0003:000009CC       ORDtTm.DaysInMonth
 0001:00046638       ORDtTm.DaysPerMonth
 0001:00048414       ORDtTm.Finalization
 0001:000465EC       ORDtTm.IsLeapYear
 0001:00044D10       ORDtTm.LoadEllipsis
 0002:000005E0       ORDtTm.ORDtTm
 0001:00048398       ORDtTm.Register
 0001:00044B8C       ORDtTm.RelativeDateTime
 0001:000449B8       ORDtTm.ServerFMNow
 0001:00044A5C       ORDtTm.ServerNow
 0001:00044AE4       ORDtTm.ServerParseFMDate
 0001:00044A94       ORDtTm.ServerToday
 0001:00045BD4       ORDtTm.TORDateBox.ButtonClick
 0001:00045D6C       ORDtTm.TORDateBox.Change
 0001:00045928       ORDtTm.TORDateBox.Create
 0001:00046598       ORDtTm.TORDateBox.GetCaption
 0001:000465BC       ORDtTm.TORDateBox.GetDynamicProperty
 0001:00045DD0       ORDtTm.TORDateBox.GetFMDateTime
 0001:00045E64       ORDtTm.TORDateBox.GetRelativeTime
 0001:000463F4       ORDtTm.TORDateBox.IsValid
 0001:00045D88       ORDtTm.TORDateBox.KeyDown
 0001:0004647C       ORDtTm.TORDateBox.SetBlackColorMode
 0001:000464C4       ORDtTm.TORDateBox.SetCaption
 0001:00045F88       ORDtTm.TORDateBox.SetDateOnly
 0001:000460F0       ORDtTm.TORDateBox.SetEditRect
 0001:0004656C       ORDtTm.TORDateBox.SetEnabled
 0001:00046038       ORDtTm.TORDateBox.SetFMDateTime
 0001:00046064       ORDtTm.TORDateBox.SetRequireTime
 0001:00045AE8       ORDtTm.TORDateBox.SetTemplateField
 0001:00045BB8       ORDtTm.TORDateBox.SupportsDynamicProperty
 0001:00046168       ORDtTm.TORDateBox.UpdateText
 0001:00046280       ORDtTm.TORDateBox.Validate
 0001:00045A48       ORDtTm.TORDateBox.WMSize
 0001:00047A3C       ORDtTm.TORDateCombo.BtnClicked
 0001:00047900       ORDtTm.TORDateCombo.CheckDays
 0001:000481B4       ORDtTm.TORDateCombo.CMFontChanged
 0001:000466DC       ORDtTm.TORDateCombo.Create
 0001:00048020       ORDtTm.TORDateCombo.DateText
 0001:0004770C       ORDtTm.TORDateCombo.DayChanged
 0001:00046788       ORDtTm.TORDateCombo.Destroy
 0001:0004816C       ORDtTm.TORDateCombo.DoChange
 0001:00047E94       ORDtTm.TORDateCombo.GetFMDate
 0001:00046804       ORDtTm.TORDateCombo.GetYearSize
 0001:00046848       ORDtTm.TORDateCombo.InitDays
 0001:00046A04       ORDtTm.TORDateCombo.InitMonths
 0001:000479E4       ORDtTm.TORDateCombo.Loaded
 0001:0004775C       ORDtTm.TORDateCombo.MonthChanged
 0001:00047A10       ORDtTm.TORDateCombo.Paint
 0001:00046B6C       ORDtTm.TORDateCombo.Rebuild
 0001:00048198       ORDtTm.TORDateCombo.Resized
 0001:000472A0       ORDtTm.TORDateCombo.SetBlackColorMode
 0001:000472F4       ORDtTm.TORDateCombo.SetDay
 0001:00047F14       ORDtTm.TORDateCombo.SetFMDate
 0001:000473B0       ORDtTm.TORDateCombo.SetIncludeBtn
 0001:000473E8       ORDtTm.TORDateCombo.SetIncludeDay
 0001:00047444       ORDtTm.TORDateCombo.SetIncludeMonth
 0001:00047528       ORDtTm.TORDateCombo.SetLongMonths
 0001:000474A0       ORDtTm.TORDateCombo.SetMonth
 0001:000483DC       ORDtTm.TORDateCombo.SetTemplateField
 0001:00047560       ORDtTm.TORDateCombo.SetYear
 0001:000481DC       ORDtTm.TORDateCombo.Text
 0001:000477B4       ORDtTm.TORDateCombo.YearChanged
 0001:00047DA4       ORDtTm.TORDateCombo.YearKeyPress
 0001:00047BF8       ORDtTm.TORDateCombo.YearUDChange
 0001:000458F8       ORDtTm.TORDateEdit.CreateParams
 0001:000454BC       ORDtTm.TORDateTimeDlg.Create
 0001:00045528       ORDtTm.TORDateTimeDlg.Execute
 0001:00045830       ORDtTm.TORDateTimeDlg.GetFMDateTime
 0001:00045854       ORDtTm.TORDateTimeDlg.SetDateOnly
 0001:00045898       ORDtTm.TORDateTimeDlg.SetFMDateTime
 0001:000458CC       ORDtTm.TORDateTimeDlg.SetRequireTime
 0001:00044DF8       ORDtTm.TORfrmDtTm.calSelectChange
 0001:00045480       ORDtTm.TORfrmDtTm.cmdCancelClick
 0001:0004527C       ORDtTm.TORfrmDtTm.cmdMidnightClick
 0001:000451DC       ORDtTm.TORfrmDtTm.cmdNowClick
 0001:000452B0       ORDtTm.TORfrmDtTm.cmdOKClick
 0001:00044F70       ORDtTm.TORfrmDtTm.cmdTodayClick
 0001:00044DB8       ORDtTm.TORfrmDtTm.FormCreate
 0001:00044F00       ORDtTm.TORfrmDtTm.imgNextMonthClick
 0001:00044EB8       ORDtTm.TORfrmDtTm.imgNextMonthMouseDown
 0001:00044F48       ORDtTm.TORfrmDtTm.imgNextMonthMouseUp
 0001:00044EE0       ORDtTm.TORfrmDtTm.imgPrevMonthClick
 0001:00044E90       ORDtTm.TORfrmDtTm.imgPrevMonthMouseDown
 0001:00044F20       ORDtTm.TORfrmDtTm.imgPrevMonthMouseUp
 0001:000454A0       ORDtTm.TORfrmDtTm.Loaded
 0001:00045024       ORDtTm.TORfrmDtTm.lstHourClick
 0001:000450D8       ORDtTm.TORfrmDtTm.lstMinuteClick
 0001:00044FD4       ORDtTm.TORfrmDtTm.txtTimeChange
 0001:00046694       ORDtTm.TORYearEdit.SetTemplateField
 0004:000004D4       ORDtTm.uServerToday
 0004:00000014       ORDtTmCal..2
 0001:00001B98       ORDtTmCal..TORCalendar
 0001:00001F54       ORDtTmCal.Finalization
 0002:00000114       ORDtTmCal.ORDtTmCal
 0001:00001F24       ORDtTmCal.Register
 0001:00001D28       ORDtTmCal.TORCalendar.DrawCell
 0001:00001EB0       ORDtTmCal.TORCalendar.KeyDown
 0004:000004DC       ORDtTmRng..3
 0001:00048678       ORDtTmRng..TORDateRangeDlg
 0001:00048444       ORDtTmRng..TORfrmDateRange
 0001:00049034       ORDtTmRng.Finalization
 0002:000005FC       ORDtTmRng.ORDtTmRng
 0001:00048F18       ORDtTmRng.Register
 0001:000488EC       ORDtTmRng.TORDateRangeDlg.Create
 0001:000489BC       ORDtTmRng.TORDateRangeDlg.Execute
 0001:00048C3C       ORDtTmRng.TORDateRangeDlg.SetDateOnly
 0001:00048D38       ORDtTmRng.TORDateRangeDlg.SetFMDateStart
 0001:00048D9C       ORDtTmRng.TORDateRangeDlg.SetFMDateStop
 0001:00048CD4       ORDtTmRng.TORDateRangeDlg.SetRequireTime
 0001:00048E00       ORDtTmRng.TORDateRangeDlg.SetTextOfStart
 0001:00048E20       ORDtTmRng.TORDateRangeDlg.SetTextOfStop
 0001:00048F0C       ORDtTmRng.TORfrmDateRange.cmdCancelClick
 0001:00048E40       ORDtTmRng.TORfrmDateRange.cmdOKClick
 0001:00048F48       ORDtTmRng.TORfrmDateRange.FormCreate
 0001:00048FF8       ORDtTmRng.TORfrmDateRange.FormDestroy
 0001:00049018       ORDtTmRng.TORfrmDateRange.Loaded
 0004:000004A0       ORFn..1
 0001:0003B808       ORFn..EFMDateTimeError
 0001:0003E4C4       ORFn..QuickAddError
 0001:0003DFEC       ORFn..QuickCopyError
 0001:000416FC       ORFn..TIdleCaller
 0001:0004033C       ORFn.AdjustForWindowsXPStyleTitleBar
 0004:000004A8       ORFn.AlignList
 0004:000004AC       ORFn.AnchorList
 0001:0003FD08       ORFn.AnchorsToStr
 0001:0003EF4C       ORFn.BaseFont
 0001:00040DF4       ORFn.BlackColorScheme
 0001:00040ECC       ORFn.BlackColorSchemeUpdate
 0003:000004AC       ORFn.BOOLCHAR
 0001:00041A58       ORFn.CallWhenIdle
 0001:00041AC8       ORFn.CallWhenIdleNotifyWhenDone
 0001:0003C5D0       ORFn.CharAt
 0001:00040CB8       ORFn.CheckColorScheme
 0001:0003D8E4       ORFn.ComparePieces
 0001:0004105C       ORFn.ComponentUpdateColorsFor508Compliance
 0001:0003C614       ORFn.ContainsAlpha
 0001:0003C6CC       ORFn.ContainsUpCarretChar
 0001:0003C674       ORFn.ContainsVisibleChar
 0001:0003C724       ORFn.ConvertSpecialStrings
 0001:00041508       ORFn.CPRSInstances
 0003:0000059C       ORFn.CRC32_TABLE
 0001:0003C848       ORFn.CRCForFile
 0001:0003C8F8       ORFn.CRCForStrings
 0001:0003B868       ORFn.DateTimeToFMDateTime
 0001:0003DF1C       ORFn.DelimCount
 0001:00041C9C       ORFn.EnterIsPressed
 0001:0003CC10       ORFn.ExpandTabsFilter
 0001:0003D060       ORFn.ExtractDefault
 0001:0003CF58       ORFn.ExtractFloat
 0001:0003CE5C       ORFn.ExtractInteger
 0001:0003D208       ORFn.ExtractItems
 0001:0003D3A4       ORFn.ExtractText
 0001:0003EA88       ORFn.FastAddStrings
 0001:0003E950       ORFn.FastAssign
 0004:000004A4       ORFn.FBaseFont
 0001:0003C9FC       ORFn.FilteredString
 0001:00041E1C       ORFn.Finalization
 0001:0003BBD4       ORFn.FMDateTimeOffsetBy
 0001:0003B944       ORFn.FMDateTimeToDateTime
 0001:0003F024       ORFn.FontWidthPixel
 0001:0003EFAC       ORFn.FontWidthSubPixel
 0001:0003FBEC       ORFn.ForceInsideWorkArea
 0001:0003BC78       ORFn.FormatFMDateTime
 0001:0003C278       ORFn.FormatFMDateTimeStr
 0001:00040E34       ORFn.Get508CompliantColor
 0001:0003E520       ORFn.GetStrings
 0001:0003E048       ORFn.GetStrings
 0001:0003C4F8       ORFn.HigherOf
 0003:000009B8       ORFn.IdleCaller
 0001:0003ED90       ORFn.InfoBox
 0001:0003D540       ORFn.InvertStringList
 0001:0003C2C0       ORFn.IsFMDateTime
 0001:00041608       ORFn.KillObj
 0001:0003EDD4       ORFn.LimitEditWidth
 0001:0003EBCC       ORFn.LimitStringLength
 0001:0004124C       ORFn.ListGridDrawCell
 0001:0004133C       ORFn.ListGridDrawLines
 0001:00041484       ORFn.ListGridRowHeight
 0001:0003C520       ORFn.LowerOf
 0001:0003EF60       ORFn.MainFont
 0001:0003F074       ORFn.MainFontHeight
 0001:0003EF94       ORFn.MainFontSize
 0001:0003F05C       ORFn.MainFontWidth
 0001:0003C3A8       ORFn.MakeFMDateTime
 0001:00041B3C       ORFn.menuHideAllBut
 0001:0003D5A8       ORFn.MixedCase
 0001:0003D7C4       ORFn.MixedCaseByPiece
 0001:0003D72C       ORFn.MixedCaseList
 0003:000004E4       ORFn.MONTH_NAMES_LONG
 0003:000004B4       ORFn.MONTH_NAMES_SHORT
 0001:00040E14       ORFn.NormalColorScheme
 0001:000408CC       ORFn.NumCharsFitInWidth
 0002:0000046C       ORFn.ORFn
 0001:0003D890       ORFn.Piece
 0001:0003D8B8       ORFn.Pieces
 0001:0003DA64       ORFn.PiecesToList
 0001:00040A20       ORFn.PopupComponent
 0003:000009B0       ORFn.PURE_BLACK
 0001:0003E880       ORFn.QuickAdd
 0001:0003E3AC       ORFn.QuickCopy
 0001:0003C584       ORFn.RectContains
 0001:0003F0B4       ORFn.RedrawActivate
 0001:0003F098       ORFn.RedrawSuspend
 0001:00040A74       ORFn.ReformatMemoParagraph
 0003:0000057C       ORFn.ReplaceChars
 0001:0003F0DC       ORFn.ResetSelectedForList
 0001:000401B8       ORFn.ResizeAnchoredFormToFont
 0001:0003F850       ORFn.ResizeChartFonts
 0001:0003F400       ORFn.ResizeCheckListBox
 0001:0003F394       ORFn.ResizeComboBox
 0001:0003F434       ORFn.ResizeDescendants
 0001:0003FA5C       ORFn.ResizeFontsInDescendants
 0001:00040018       ORFn.ResizeFormToFont
 0001:0003F27C       ORFn.ResizeHeaderControl
 0001:0003F17C       ORFn.ResizeHeight
 0001:0003F3CC       ORFn.ResizeListBox
 0001:0003F2F8       ORFn.ResizeListView
 0001:0003F1FC       ORFn.ResizeToFont
 0001:0003F128       ORFn.ResizeWidth
 0001:0003FF2C       ORFn.RestoreAlign
 0001:0003DB10       ORFn.ReverseStr
 0001:000410F8       ORFn.ScanAllComponents
 0003:000004B0       ORFn.ScrollBarHeight
 0001:00041D5C       ORFn.ScrollControl
 0003:0000055C       ORFn.SearchChars
 0001:00041CB4       ORFn.SendMoveMessage
 0001:00040448       ORFn.SetEqualTabStops
 0001:0003C3E8       ORFn.SetListFMDateTime
 0001:0003DBA0       ORFn.SetPiece
 0001:0003DCDC       ORFn.SetPieces
 0001:00041C4C       ORFn.ShiftTabIsPressed
 0001:000405A4       ORFn.ShowMsgOn
 0001:0003DDB0       ORFn.SortByPiece
 0001:00040554       ORFn.StatusText
 0001:0003FD7C       ORFn.StrToAnchors
 0001:0003C548       ORFn.StrToFloatDef
 0001:0003FE44       ORFn.SuspendAlign
 0001:00041BFC       ORFn.TabIsPressed
 0001:00040684       ORFn.TextHeightByFont
 0001:000405D4       ORFn.TextWidthByFont
 0001:0004191C       ORFn.TIdleCaller.Add
 0001:000418C0       ORFn.TIdleCaller.AppIdle
 0001:00041754       ORFn.TIdleCaller.Create
 0001:0004183C       ORFn.TIdleCaller.Destroy
 0001:00041988       ORFn.TIdleCaller.TimerDone
 0001:0003BC0C       ORFn.TrimFormatCount
 0003:000009A0       ORFn.uBlackColorScheme
 0003:000009B4       ORFn.uBorderlessWindowColorWhenBlack
 0003:000009AC       ORFn.uCheckColorScheme
 0003:000009A8       ORFn.uMaroonColorWhenBlack
 0003:0000099C       ORFn.uNormalColorScheme
 0001:000411C0       ORFn.UpdateColorsFor508Compliance
 0001:0003C7C0       ORFn.UpdateCrc32
 0001:000411F0       ORFn.UpdateReadOnlyColorScheme
 0003:000009A4       ORFn.uWhiteColorScheme
 0001:0003EB48       ORFn.ValidFileName
 0001:00040744       ORFn.WrappedTextHeightByFont
 0004:000004B8       ORNet..1
 0003:000009BC       ORNet.AppStartedCursorForm
 0001:00042CE8       ORNet.AuthorizedOption
 0003:000009C8       ORNet.BoolChar
 0001:00042C6C       ORNet.CallBroker
 0001:00042684       ORNet.CallBrokerInContext
 0001:000432F8       ORNet.CallRPCWhenIdle
 0001:00043084       ORNet.CallV
 0001:00042D30       ORNet.ConnectToServer
 0001:00043250       ORNet.DottedIPStr
 0001:00041F58       ORNet.EnsureBroker
 0001:00043358       ORNet.Finalization
 0001:00043028       ORNet.GetRPCCursor
 0001:00043218       ORNet.GetRPCMax
 0001:0004265C       ORNet.IsBaseContext
 0001:00043220       ORNet.LoadRPCData
 0001:00042FCC       ORNet.MRef
 0002:00000554       ORNet.ORNet
 0001:00043200       ORNet.RetainedRPCCount
 0004:000004B0       ORNet.RPCBrokerV
 0001:000432C4       ORNet.RPCIdleCallDone
 0004:000004B4       ORNet.RPCLastCall
 0001:000430D8       ORNet.sCallV
 0001:00042C80       ORNet.SetBrokerServer
 0001:00041FC4       ORNet.SetList
 0001:0004207C       ORNet.SetParams
 0001:0004320C       ORNet.SetRetainedRPCMax
 0001:00043348       ORNet.ShowRPCList
 0001:00043164       ORNet.tCallV
 0003:000009C0       ORNet.uBaseContext
 0004:000004BC       ORNet.uCallList
 0003:000009C4       ORNet.uCurrentContext
 0004:000004C0       ORNet.uMaxCalls
 0001:000425A4       ORNet.UpdateContext
 0004:000004C4       ORNet.uShowRPCs
 0001:00000450       SysInit.@InitPkg
 0001:000004B4       SysInit.@PackageLoad
 0001:000004C0       SysInit.@PackageUnload
 0001:00000340       SysInit.AllocTlsBuffer
 0001:000003FC       SysInit.ExitProcessTLS
 0001:000003C4       SysInit.ExitThreadTLS
 0001:00000308       SysInit.FreeLibrary
 0001:0000034C       SysInit.GetTlsSize
 0004:00000004       SysInit.HInstance
 0001:00000420       SysInit.InitializeModule
 0001:00000398       SysInit.InitProcessTLS
 0001:00000354       SysInit.InitThreadTLS
 0001:00000310       SysInit.LocalAlloc
 0001:00000318       SysInit.LocalFree
 0003:00000008       SysInit.Module
 0004:00000000       SysInit.ModuleIsLib
 0004:00000001       SysInit.ModuleIsPackage
 0003:00000004       SysInit.PtrToNil
 0001:00000320       SysInit.TlsAlloc
 0004:00000008       SysInit.tlsBuffer
 0001:00000328       SysInit.TlsFree
 0001:00000330       SysInit.TlsGetValue
 0003:00000000       SysInit.TlsIndex
 0005:00000000       SysInit.TlsLast
 0003:00000020       SysInit.TlsProc
 0001:00000338       SysInit.TlsSetValue
 0001:0000042C       SysInit.UninitializeModule
 0004:00000488       TeCanvas..02
 0001:000090AC       TeCanvas..TButtonColor
 0001:00008ADC       TeCanvas..TCanvas3D
 0001:00007DB4       TeCanvas..TChartBrush
 0001:00007AD4       TeCanvas..TChartHiddenPen
 0001:000079BC       TeCanvas..TChartPen
 0001:00009220       TeCanvas..TComboFlat
 0001:000083B0       TeCanvas..TCustomTeeGradient
 0001:00007C5C       TeCanvas..TDarkGrayPen
 0001:00007B88       TeCanvas..TDottedGrayPen
 0001:00008120       TeCanvas..TTeeBlend
 0001:00008EF0       TeCanvas..TTeeButton
 0001:000088C0       TeCanvas..TTeeCanvas
 0001:00008CC8       TeCanvas..TTeeCanvas3D
 0001:000086BC       TeCanvas..TTeeFont
 0001:000085FC       TeCanvas..TTeeFontGradient
 0001:00008450       TeCanvas..TTeeGradient
 0001:0000819C       TeCanvas..TTeeShadow
 0001:00007EE8       TeCanvas..TView3DOptions
 0001:00007D0C       TeCanvas..TWhitePen
 0003:000000D0       TeCanvas.AlphaBlendProc
 0001:0000D62C       TeCanvas.ApplyBright
 0001:0000D5D8       TeCanvas.ApplyDark
 0001:0001086C       TeCanvas.BottomCover
 0001:00010ED0       TeCanvas.CalcArrowPoint
 0001:0000CD94       TeCanvas.CalcBrushColor
 0001:0000EDE4       TeCanvas.CalcCenter
 0001:0000CC60       TeCanvas.CalcColor
 0001:0001143C       TeCanvas.CalcDelta
 0001:00013714       TeCanvas.CalcHorizSubSampling
 0001:000138C4       TeCanvas.CalcHorizSuperSampling
 0001:0000E83C       TeCanvas.CalcPoint
 0001:0000E8A0       TeCanvas.CalcPoint2
 0001:0000F770       TeCanvas.CalcPointH
 0001:0000F700       TeCanvas.CalcPointV
 0001:0000F678       TeCanvas.CalcPointZ
 0001:00013B84       TeCanvas.CalcVerticalSubSampling
 0001:00013D34       TeCanvas.CalcVerticalSuperSampling
 0003:000000CC       TeCanvas.CanUseWinAlphaBlend
 0001:0000CD48       TeCanvas.CheckFastBrush
 0001:00014460       TeCanvas.CheckWinAlphaBlend
 0001:0000BD18       TeCanvas.ClipCanvas
 0001:0000BDB4       TeCanvas.ClipEllipse
 0001:0000BEB4       TeCanvas.ClipPolygon
 0001:0000BE3C       TeCanvas.ClipRoundRectangle
 0001:0000F7E4       TeCanvas.CoverAtLeft
 0001:00014578       TeCanvas.CreateEmptyRegion
 0001:0000B004       TeCanvas.CreateFontPath
 0001:0000D6A0       TeCanvas.Culling
 0003:00000068       TeCanvas.DarkColorQuantity
 0003:00000064       TeCanvas.DarkerColorQuantity
 0001:0001458C       TeCanvas.DeleteEmptyRegion
 0001:0000D230       TeCanvas.DiagonalGradient
 0003:000000C0       TeCanvas.Divisor
 0001:0000D1AC       TeCanvas.DoDrawRadial
 0001:00012278       TeCanvas.DoHoriz
 0001:00013A30       TeCanvas.DoLoop
 0001:00013EA0       TeCanvas.DoLoop
 0001:00011B20       TeCanvas.DoRadialGradient
 0001:000121E0       TeCanvas.DoVert
 0001:0000EC94       TeCanvas.Draw3DPie
 0001:0000F8B0       TeCanvas.DrawCover
 0001:0000EF24       TeCanvas.DrawPieTop
 0001:000131A4       TeCanvas.EditColor
 0001:0001324C       TeCanvas.EditColorDialog
 0001:00013B10       TeCanvas.FilterHorizontally
 0001:00013F88       TeCanvas.FilterVertically
 0001:000145A4       TeCanvas.Finalization
 0001:0000EECC       TeCanvas.FinishSide
 0001:0000D054       TeCanvas.FromCenter
 0001:0000CF30       TeCanvas.FromCorner
 0003:00000074       TeCanvas.GetDefaultFontName
 0003:00000070       TeCanvas.GetDefaultFontSize
 0003:0000006C       TeCanvas.IsWindowsNT
 0001:0001430C       TeCanvas.Lanczos3Filter
 0003:00000088       TeCanvas.OldRegion
 0001:0000957C       TeCanvas.OrientRectangle
 0003:000000A0       TeCanvas.PenModes
 0003:0000008C       TeCanvas.PenStyles
 0001:000095B4       TeCanvas.Point3D
 0001:00013608       TeCanvas.PointAtDistance
 0001:00009540       TeCanvas.PointInRect
 0001:00009524       TeCanvas.PointInRect
 0001:000095FC       TeCanvas.PolygonBounds
 0001:0000EBDC       TeCanvas.PolygonGradient
 0001:000105C4       TeCanvas.PyramidFrontWall
 0001:000106E8       TeCanvas.PyramidSideWall
 0001:0000BF70       TeCanvas.QuickSortAngle
 0001:000095DC       TeCanvas.RectCenter
 0001:0000BEE0       TeCanvas.RectFromPolygon
 0001:0000BF54       TeCanvas.RectFromTriangle
 0001:0000CE0C       TeCanvas.RectGradient
 0001:000095C8       TeCanvas.RectSize
 0001:0000AF34       TeCanvas.RectText
 0001:00009F54       TeCanvas.RGBValue
 0001:0000BCE8       TeCanvas.SetCanvasRegion
 0001:00014030       TeCanvas.SmoothStretch
 0001:00014428       TeCanvas.SmoothStretch
 0001:00014430       TeCanvas.SmoothStretch
 0001:000128A4       TeCanvas.SwapDouble
 0001:000128CC       TeCanvas.SwapInteger
 0001:00013268       TeCanvas.TButtonColor.Click
 0001:00013310       TeCanvas.TButtonColor.DrawSymbol
 0001:000132A4       TeCanvas.TButtonColor.GetSymbolColor
 0001:000132E8       TeCanvas.TButtonColor.SetSymbolColor
 0001:0000A560       TeCanvas.TCanvas3D.Arrow
 0001:0000A594       TeCanvas.TCanvas3D.Assign
 0001:0000EAB8       TeCanvas.TCanvas3D.CalcPieAngles
 0001:0000A5B0       TeCanvas.TCanvas3D.CalcRect3D
 0001:0000A628       TeCanvas.TCanvas3D.Calculate3DPosition
 0001:0000A604       TeCanvas.TCanvas3D.Calculate3DPosition
 0001:0000A65C       TeCanvas.TCanvas3D.Cube
 0001:0000A690       TeCanvas.TCanvas3D.DisableRotation
 0001:0000A694       TeCanvas.TCanvas3D.EnableRotation
 0001:0000A698       TeCanvas.TCanvas3D.FourPointsFromRect
 0001:0000A73C       TeCanvas.TCanvas3D.FrontPlaneBegin
 0001:0000A754       TeCanvas.TCanvas3D.FrontPlaneEnd
 0001:0000A7B0       TeCanvas.TCanvas3D.LineTo3D
 0001:0000A768       TeCanvas.TCanvas3D.LineWithZ
 0001:0000A794       TeCanvas.TCanvas3D.MoveTo3D
 0001:0000A7CC       TeCanvas.TCanvas3D.PlaneWithZ
 0001:0000A7F4       TeCanvas.TCanvas3D.Rectangle
 0001:0000A814       TeCanvas.TCanvas3D.Rectangle
 0001:0000A848       TeCanvas.TCanvas3D.RectFromRectZ
 0001:0000A878       TeCanvas.TCanvas3D.RotatedEllipse
 0001:0000AACC       TeCanvas.TCanvas3D.StretchDraw
 0001:000098F0       TeCanvas.TChartBrush.Assign
 0001:00009920       TeCanvas.TChartBrush.Clear
 0001:0000986C       TeCanvas.TChartBrush.Create
 0001:000098C0       TeCanvas.TChartBrush.Destroy
 0001:00009968       TeCanvas.TChartBrush.GetImage
 0001:00009938       TeCanvas.TChartBrush.SetImage
 0001:00009778       TeCanvas.TChartHiddenPen.Create
 0001:000096C0       TeCanvas.TChartPen.Assign
 0001:0000966C       TeCanvas.TChartPen.Create
 0001:00009700       TeCanvas.TChartPen.Hide
 0001:00009710       TeCanvas.TChartPen.IsEndStored
 0001:0000971C       TeCanvas.TChartPen.IsVisibleStored
 0001:00009728       TeCanvas.TChartPen.SetEndStyle
 0001:0000973C       TeCanvas.TChartPen.SetSmallDots
 0001:00009750       TeCanvas.TChartPen.SetSmallSpace
 0001:00009764       TeCanvas.TChartPen.SetVisible
 0001:00009708       TeCanvas.TChartPen.Show
 0001:00013580       TeCanvas.TComboFlat.CMFocusChanged
 0001:00013540       TeCanvas.TComboFlat.CMMouseEnter
 0001:00013560       TeCanvas.TComboFlat.CMMouseLeave
 0001:00013378       TeCanvas.TComboFlat.Create
 0001:000133D4       TeCanvas.TComboFlat.GetDropWidth
 0001:000133F0       TeCanvas.TComboFlat.IsDropWidthStored
 0001:00013404       TeCanvas.TComboFlat.SetDropWidth
 0001:00013424       TeCanvas.TComboFlat.WMPaint
 0001:00011ABC       TeCanvas.TCustomTeeGradient.Assign
 0001:00011988       TeCanvas.TCustomTeeGradient.Create
 0001:00011A10       TeCanvas.TCustomTeeGradient.DoChanged
 0001:00012378       TeCanvas.TCustomTeeGradient.Draw
 0001:00012558       TeCanvas.TCustomTeeGradient.Draw
 0001:00012500       TeCanvas.TCustomTeeGradient.Draw
 0001:00012038       TeCanvas.TCustomTeeGradient.Draw
 0001:00011FF0       TeCanvas.TCustomTeeGradient.DrawRadial
 0001:00011A00       TeCanvas.TCustomTeeGradient.GetMidColor
 0001:00011A34       TeCanvas.TCustomTeeGradient.SetBalance
 0001:00011A5C       TeCanvas.TCustomTeeGradient.SetColorProperty
 0001:00011A40       TeCanvas.TCustomTeeGradient.SetDirection
 0001:00011A74       TeCanvas.TCustomTeeGradient.SetEndColor
 0001:00011A50       TeCanvas.TCustomTeeGradient.SetIntegerProperty
 0001:00011A80       TeCanvas.TCustomTeeGradient.SetMidColor
 0001:000124E8       TeCanvas.TCustomTeeGradient.SetRadialX
 0001:000124F4       TeCanvas.TCustomTeeGradient.SetRadialY
 0001:00011A68       TeCanvas.TCustomTeeGradient.SetStartColor
 0001:00011A24       TeCanvas.TCustomTeeGradient.SetVisible
 0001:000119F0       TeCanvas.TCustomTeeGradient.UseMiddleColor
 0001:0000981C       TeCanvas.TDarkGrayPen.Create
 0001:000097C4       TeCanvas.TDottedGrayPen.Create
 0002:00000188       TeCanvas.TeCanvas
 0001:00012B24       TeCanvas.TeeBlendBitmaps
 0003:0000004C       TeCanvas.TeeCheckPenWidth
 0001:00009F68       TeCanvas.TeeCreatePenSmallDots
 0001:00009510       TeCanvas.TeeCull
 0001:000094EC       TeCanvas.TeeCull
 0003:00000078       TeCanvas.TeeCustomEditColors
 0003:00000060       TeCanvas.TeeDefaultConePercent
 0001:00012A88       TeCanvas.TeeDefaultFont
 0001:000136B4       TeCanvas.TeeDistance
 0003:0000007C       TeCanvas.TeeFontAntiAlias
 0001:00014558       TeCanvas.TeeFreeLibrary
 0003:000000D8       TeCanvas.TeeGDI32
 0003:000000C8       TeCanvas.TeeGradientPrecision
 0001:0001306C       TeCanvas.TeeGrayScale
 0001:0001454C       TeCanvas.TeeLoadLibrary
 0003:000000D4       TeCanvas.TeeMSIMG32
 0003:00000080       TeCanvas.TeeNumCylinderSides
 0003:00000044       TeCanvas.TeePiStep
 0001:0000951C       TeCanvas.TeePoint
 0001:00009560       TeCanvas.TeeRect
 0004:00000480       TeCanvas.TeeSetDCBrushColor
 0004:00000484       TeCanvas.TeeSetDCPenColor
 0001:00009FC4       TeCanvas.TeeSetTeePen
 0001:0000CC08       TeCanvas.TeeSigmoid
 0003:00000050       TeCanvas.TeeZeroRect
 0001:000108AC       TeCanvas.TopCover
 0001:000143D8       TeCanvas.TriangleFilter
 0001:0001230C       TeCanvas.TryGrayColor
 0001:000144C4       TeCanvas.TryLoadSetDC
 0001:00012D4C       TeCanvas.TTeeBlend.Create
 0001:00012D98       TeCanvas.TTeeBlend.Destroy
 0001:00012F20       TeCanvas.TTeeBlend.DoBlend
 0001:00012DC8       TeCanvas.TTeeBlend.SetRectangle
 0001:00012A28       TeCanvas.TTeeButton.CMEnabledChanged
 0001:00012960       TeCanvas.TTeeButton.CMTextChanged
 0001:000128D8       TeCanvas.TTeeButton.DrawSymbol
 0001:00012A40       TeCanvas.TTeeButton.LinkProperty
 0001:00012978       TeCanvas.TTeeButton.PaintWindow
 0001:000128DC       TeCanvas.TTeeButton.SymbolRectangle
 0001:00012928       TeCanvas.TTeeButton.WMPaint
 0001:00009DA4       TeCanvas.TTeeCanvas.AssignBrush
 0001:00009DC4       TeCanvas.TTeeCanvas.AssignBrushColor
 0001:0000A1E0       TeCanvas.TTeeCanvas.AssignFont
 0001:00009F00       TeCanvas.TTeeCanvas.AssignVisiblePen
 0001:0000A0EC       TeCanvas.TTeeCanvas.AssignVisiblePenColor
 0001:0000A530       TeCanvas.TTeeCanvas.BeginBlending
 0001:0000BDD0       TeCanvas.TTeeCanvas.ClipEllipse
 0001:0000BD80       TeCanvas.TTeeCanvas.ClipPolygon
 0001:0000BE5C       TeCanvas.TTeeCanvas.ClipRectangle
 0001:0000C074       TeCanvas.TTeeCanvas.ConvexHull
 0001:00009F38       TeCanvas.TTeeCanvas.DoRectangle
 0001:0000A3A0       TeCanvas.TTeeCanvas.Ellipse
 0001:0000A548       TeCanvas.TTeeCanvas.EndBlending
 0001:0000A3BC       TeCanvas.TTeeCanvas.Frame3D
 0001:00009CA8       TeCanvas.TTeeCanvas.GetFontHeight
 0001:00009C74       TeCanvas.TTeeCanvas.InternalDark
 0001:0000A514       TeCanvas.TTeeCanvas.Line
 0001:00009F1C       TeCanvas.TTeeCanvas.Rectangle
 0001:00009CF8       TeCanvas.TTeeCanvas.ResetState
 0001:0000A4B4       TeCanvas.TTeeCanvas.RoundRect
 0001:00009CC0       TeCanvas.TTeeCanvas.SetCanvas
 0001:0000A2F8       TeCanvas.TTeeCanvas.TextExtent
 0001:0000A2BC       TeCanvas.TTeeCanvas.TextHeight
 0001:0000A364       TeCanvas.TTeeCanvas.TextHeight
 0001:0000A4E0       TeCanvas.TTeeCanvas.TextOut
 0001:0000A280       TeCanvas.TTeeCanvas.TextWidth
 0001:0000A32C       TeCanvas.TTeeCanvas.TextWidth
 0001:0000E800       TeCanvas.TTeeCanvas3D.Arc
 0001:00010F38       TeCanvas.TTeeCanvas3D.Arrow
 0001:0000B4EC       TeCanvas.TTeeCanvas3D.Calc3DPoint
 0001:0000B670       TeCanvas.TTeeCanvas3D.Calc3DPoint
 0001:0000E21C       TeCanvas.TTeeCanvas3D.Calc3DPoints
 0001:0000B7DC       TeCanvas.TTeeCanvas3D.Calc3DPos
 0001:0000B498       TeCanvas.TTeeCanvas3D.Calc3DTPoint
 0001:0000B4A4       TeCanvas.TTeeCanvas3D.Calc3DTPoint3D
 0001:0000C6A4       TeCanvas.TTeeCanvas3D.CalcPerspective
 0001:0000C6FC       TeCanvas.TTeeCanvas3D.CalcTrigValues
 0001:0000B518       TeCanvas.TTeeCanvas3D.Calculate2DPosition
 0001:0000B4B8       TeCanvas.TTeeCanvas3D.Calculate3DPosition
 0001:0000C360       TeCanvas.TTeeCanvas3D.ClipCube
 0001:0000BD74       TeCanvas.TTeeCanvas3D.ClipRectangle
 0001:0000B99C       TeCanvas.TTeeCanvas3D.Cone
 0001:0000ADF8       TeCanvas.TTeeCanvas3D.Create
 0001:0000D71C       TeCanvas.TTeeCanvas3D.Cube
 0001:0000FE04       TeCanvas.TTeeCanvas3D.Cylinder
 0001:0000AE58       TeCanvas.TTeeCanvas3D.DeleteBitmap
 0001:0000AE64       TeCanvas.TTeeCanvas3D.Destroy
 0001:0000DFB0       TeCanvas.TTeeCanvas3D.DisableRotation
 0001:0000BC80       TeCanvas.TTeeCanvas3D.DoHorizLine
 0001:0000E900       TeCanvas.TTeeCanvas3D.Donut
 0001:0000BCB8       TeCanvas.TTeeCanvas3D.DoVertLine
 0001:0000CBD0       TeCanvas.TTeeCanvas3D.Draw
 0001:0000E4D0       TeCanvas.TTeeCanvas3D.Ellipse
 0001:0000E5EC       TeCanvas.TTeeCanvas3D.EllipseWithZ
 0001:0000DFC8       TeCanvas.TTeeCanvas3D.EnableRotation
 0001:0000D5AC       TeCanvas.TTeeCanvas3D.EraseBackground
 0001:0000D5B4       TeCanvas.TTeeCanvas3D.FillRect
 0001:0000AEE4       TeCanvas.TTeeCanvas3D.GetBackColor
 0001:0000AE94       TeCanvas.TTeeCanvas3D.GetBackMode
 0001:0000E4FC       TeCanvas.TTeeCanvas3D.GetCirclePoints
 0001:0000B990       TeCanvas.TTeeCanvas3D.GetHandle
 0001:00010BE4       TeCanvas.TTeeCanvas3D.GetMonochrome
 0001:0000E7C8       TeCanvas.TTeeCanvas3D.GetPixel
 0001:00010AB4       TeCanvas.TTeeCanvas3D.GetPixel3D
 0001:00010B58       TeCanvas.TTeeCanvas3D.GetSupports3DText
 0001:00010B5C       TeCanvas.TTeeCanvas3D.GetSupportsFullRotation
 0001:00010B60       TeCanvas.TTeeCanvas3D.GetTextAlign
 0001:00010B74       TeCanvas.TTeeCanvas3D.GetUseBuffer
 0001:0000D448       TeCanvas.TTeeCanvas3D.GradientFill
 0001:00010C10       TeCanvas.TTeeCanvas3D.HorizLine3D
 0001:0000C8EC       TeCanvas.TTeeCanvas3D.InitWindow
 0001:0000FA64       TeCanvas.TTeeCanvas3D.InternalCylinder
 0001:0000DFD8       TeCanvas.TTeeCanvas3D.Invalidate
 0001:0000E148       TeCanvas.TTeeCanvas3D.Line
 0001:0000B3A4       TeCanvas.TTeeCanvas3D.LineTo
 0001:0000BB5C       TeCanvas.TTeeCanvas3D.LineTo3D
 0001:0000E17C       TeCanvas.TTeeCanvas3D.LineWithZ
 0001:0000B384       TeCanvas.TTeeCanvas3D.MoveTo
 0001:0000BB1C       TeCanvas.TTeeCanvas3D.MoveTo3D
 0001:0000EA7C       TeCanvas.TTeeCanvas3D.Pie
 0001:0000EF68       TeCanvas.TTeeCanvas3D.Pie3D
 0001:0000F584       TeCanvas.TTeeCanvas3D.Plane3D
 0001:000109E8       TeCanvas.TTeeCanvas3D.PlaneFour3D
 0001:0000B3E0       TeCanvas.TTeeCanvas3D.PlaneWithZ
 0001:0000E1FC       TeCanvas.TTeeCanvas3D.Polygon
 0001:0000E288       TeCanvas.TTeeCanvas3D.Polygon3D
 0001:0000B3C4       TeCanvas.TTeeCanvas3D.PolygonFour
 0001:0000E388       TeCanvas.TTeeCanvas3D.PolygonWithZ
 0001:0000E42C       TeCanvas.TTeeCanvas3D.Polyline
 0001:0000E1DC       TeCanvas.TTeeCanvas3D.Polyline
 0001:0000C614       TeCanvas.TTeeCanvas3D.Projection
 0001:0000FE30       TeCanvas.TTeeCanvas3D.Pyramid
 0001:00010908       TeCanvas.TTeeCanvas3D.PyramidTrunc
 0001:0000B30C       TeCanvas.TTeeCanvas3D.Rectangle
 0001:0000BB9C       TeCanvas.TTeeCanvas3D.RectangleWithZ
 0001:0000DEE0       TeCanvas.TTeeCanvas3D.RectangleY
 0001:0000DE10       TeCanvas.TTeeCanvas3D.RectangleZ
 0001:0000CB48       TeCanvas.TTeeCanvas3D.ReDrawBitmap
 0001:0000E024       TeCanvas.TTeeCanvas3D.RotateLabel
 0001:0000DFE0       TeCanvas.TTeeCanvas3D.RotateLabel3D
 0001:0000B338       TeCanvas.TTeeCanvas3D.RoundRect
 0001:0000AEC4       TeCanvas.TTeeCanvas3D.SetBackColor
 0001:0000AEA8       TeCanvas.TTeeCanvas3D.SetBackMode
 0001:00010BEC       TeCanvas.TTeeCanvas3D.SetMonochrome
 0001:0000E7D4       TeCanvas.TTeeCanvas3D.SetPixel
 0001:00010AE8       TeCanvas.TTeeCanvas3D.SetPixel3D
 0001:0000B36C       TeCanvas.TTeeCanvas3D.SetTextAlign
 0001:00010B7C       TeCanvas.TTeeCanvas3D.SetUseBuffer
 0001:0000CB74       TeCanvas.TTeeCanvas3D.ShowImage
 0001:0000B9C8       TeCanvas.TTeeCanvas3D.Sphere
 0001:0000CBC0       TeCanvas.TTeeCanvas3D.StretchDraw
 0001:0000BA04       TeCanvas.TTeeCanvas3D.Surface3D
 0001:0000B054       TeCanvas.TTeeCanvas3D.TextOut
 0001:0000AEF8       TeCanvas.TTeeCanvas3D.TextOut
 0001:0000BA0C       TeCanvas.TTeeCanvas3D.TextOut3D
 0001:0000CAF0       TeCanvas.TTeeCanvas3D.TransferBitmap
 0001:00010D64       TeCanvas.TTeeCanvas3D.Triangle3D
 0001:00010E18       TeCanvas.TTeeCanvas3D.TriangleWithZ
 0001:0000C608       TeCanvas.TTeeCanvas3D.UnClipRectangle
 0001:00010C80       TeCanvas.TTeeCanvas3D.VertLine3D
 0001:00010CEC       TeCanvas.TTeeCanvas3D.ZLine3D
 0001:000126C4       TeCanvas.TTeeFont.Assign
 0001:000125F0       TeCanvas.TTeeFont.Create
 0001:00012684       TeCanvas.TTeeFont.Destroy
 0001:00012858       TeCanvas.TTeeFont.GetGradient
 0001:0001272C       TeCanvas.TTeeFont.GetOutLine
 0001:00012778       TeCanvas.TTeeFont.GetShadow
 0001:0001284C       TeCanvas.TTeeFont.IsColorStored
 0001:000127C4       TeCanvas.TTeeFont.IsHeightStored
 0001:000127DC       TeCanvas.TTeeFont.IsNameStored
 0001:00012834       TeCanvas.TTeeFont.IsStyleStored
 0001:0001287C       TeCanvas.TTeeFont.SetGradient
 0001:00012710       TeCanvas.TTeeFont.SetInterCharSize
 0001:00012750       TeCanvas.TTeeFont.SetOutLine
 0001:0001279C       TeCanvas.TTeeFont.SetShadow
 0001:000135AC       TeCanvas.TTeeFontGradient.SetBooleanProperty
 0001:000135A0       TeCanvas.TTeeFontGradient.SetOutline
 0001:0001129C       TeCanvas.TTeeShadow.Assign
 0001:000112E4       TeCanvas.TTeeShadow.Changed
 0001:00011244       TeCanvas.TTeeShadow.Create
 0001:00011434       TeCanvas.TTeeShadow.Draw
 0001:00011490       TeCanvas.TTeeShadow.Draw
 0001:0001180C       TeCanvas.TTeeShadow.DrawEllipse
 0001:00011424       TeCanvas.TTeeShadow.FinishBlending
 0001:0001132C       TeCanvas.TTeeShadow.GetSize
 0001:00011964       TeCanvas.TTeeShadow.IsColorStored
 0001:00011970       TeCanvas.TTeeShadow.IsHorizStored
 0001:0001197C       TeCanvas.TTeeShadow.IsVertStored
 0001:00011374       TeCanvas.TTeeShadow.PrepareCanvas
 0001:00011304       TeCanvas.TTeeShadow.SetColor
 0001:00011314       TeCanvas.TTeeShadow.SetHorizSize
 0001:000112F8       TeCanvas.TTeeShadow.SetIntegerProperty
 0001:00011338       TeCanvas.TTeeShadow.SetSize
 0001:00011354       TeCanvas.TTeeShadow.SetSmooth
 0001:00011364       TeCanvas.TTeeShadow.SetTransparency
 0001:00011320       TeCanvas.TTeeShadow.SetVertSize
 0001:00009B8C       TeCanvas.TView3DOptions.Assign
 0001:00009BF8       TeCanvas.TView3DOptions.CalcOrthoRatio
 0001:00009998       TeCanvas.TView3DOptions.Create
 0001:00009A34       TeCanvas.TView3DOptions.GetElevation
 0001:00009A9C       TeCanvas.TView3DOptions.GetRotation
 0001:00009A10       TeCanvas.TView3DOptions.Repaint
 0001:00009A28       TeCanvas.TView3DOptions.SetBooleanProperty
 0001:00009A5C       TeCanvas.TView3DOptions.SetElevation
 0001:00009A44       TeCanvas.TView3DOptions.SetElevationInteger
 0001:00009A84       TeCanvas.TView3DOptions.SetFontZoom
 0001:00009AF8       TeCanvas.TView3DOptions.SetHorizOffset
 0001:00009A1C       TeCanvas.TView3DOptions.SetIntegerProperty
 0001:00009B40       TeCanvas.TView3DOptions.SetOrthoAngle
 0001:00009B4C       TeCanvas.TView3DOptions.SetOrthogonal
 0001:00009A90       TeCanvas.TView3DOptions.SetPerspective
 0001:00009AC4       TeCanvas.TView3DOptions.SetRotation
 0001:00009AAC       TeCanvas.TView3DOptions.SetRotationInteger
 0001:00009AEC       TeCanvas.TView3DOptions.SetTilt
 0001:00009B1C       TeCanvas.TView3DOptions.SetVertOffset
 0001:00009B58       TeCanvas.TView3DOptions.SetZoom
 0001:00009B80       TeCanvas.TView3DOptions.SetZoomText
 0001:000135B8       TeCanvas.TWhitePen.Create
 0001:0000C5CC       TeCanvas.UnClipCanvas
 0003:00000084       TeCanvas.WasOldRegion
 0004:00000468       TeeConst..1
 0001:00004AD4       TeeConst.Finalization
 0004:000001C8       TeeConst.tcAdditional
 0004:000001CC       TeeConst.tcDControls
 0004:000001D0       TeeConst.tcQReport
 0002:00000124       TeeConst.TeeConst
 0001:00004A90       TeeConst.TeeDefaultFilterExtension
 0003:00000034       TeeConst.TeeEnglishLanguage
 0003:00000038       TeeConst.TeeLanguage
 0003:00000040       TeeConst.TeeLanguageCanUpper
 0003:0000003C       TeeConst.TeeLanguageHotKeyAtEnd
 0004:00000054       TeeConst.TeeMsg_3dPercent
 0004:000001C4       TeeConst.TeeMsg_About
 0004:00000400       TeeConst.TeeMsg_AddNewGroup
 0004:000003F8       TeeConst.TeeMsg_ADOConnection
 0004:000002C0       TeeConst.TeeMsg_All
 0004:000003FC       TeeConst.TeeMsg_Apply
 0004:000002CC       TeeConst.TeeMsg_AsBMP
 0004:000002D4       TeeConst.TeeMsg_AsEMF
 0004:0000038C       TeeConst.TeeMsg_AsGIF
 0004:00000384       TeeConst.TeeMsg_AsJPEG
 0004:000001D8       TeeConst.TeeMsg_AskDataSet
 0004:000001E0       TeeConst.TeeMsg_AskDataSource
 0004:000003AC       TeeConst.TeeMsg_AskLanguage
 0004:0000039C       TeeConst.TeeMsg_AsPCX
 0004:000003D4       TeeConst.TeeMsg_AsPDF
 0004:00000394       TeeConst.TeeMsg_AsPNG
 0004:000003DC       TeeConst.TeeMsg_AsPS
 0004:00000458       TeeConst.TeeMsg_AsSVG
 0004:000003A4       TeeConst.TeeMsg_AsVML
 0004:00000040       TeeConst.TeeMsg_AxisIncrementNeg
 0004:00000078       TeeConst.TeeMsg_AxisLabels
 0004:0000003C       TeeConst.TeeMsg_AxisLabelSep
 0004:0000004C       TeeConst.TeeMsg_AxisLogBase
 0004:00000034       TeeConst.TeeMsg_AxisLogDateTime
 0004:00000038       TeeConst.TeeMsg_AxisLogNotPositive
 0004:00000048       TeeConst.TeeMsg_AxisMaxMin
 0004:00000044       TeeConst.TeeMsg_AxisMinMax
 0004:00000074       TeeConst.TeeMsg_AxisTitle
 0004:000003F4       TeeConst.TeeMsg_BDEAlias
 0004:000002D0       TeeConst.TeeMsg_BMPFilter
 0004:00000140       TeeConst.TeeMsg_BottomAxis
 0004:000001F8       TeeConst.TeeMsg_BrowseImage
 0004:00000254       TeeConst.TeeMsg_CalcPeriod
 0004:000002BC       TeeConst.TeeMsg_Cancel
 0004:0000036C       TeeConst.TeeMsg_CanNotCreateTempChart
 0004:00000370       TeeConst.TeeMsg_CanNotEmailChart
 0004:00000368       TeeConst.TeeMsg_CanNotFindTempPath
 0004:0000037C       TeeConst.TeeMsg_CannotLoadChartFromURL
 0004:00000380       TeeConst.TeeMsg_CannotLoadSeriesDataFromURL
 0004:00000404       TeeConst.TeeMsg_ChangeGroupName
 0004:00000130       TeeConst.TeeMsg_ChangeSeriesTitle
 0004:00000284       TeeConst.TeeMsg_Chart3DCategoryDesc
 0004:00000280       TeeConst.TeeMsg_Chart3DCategoryName
 0004:0000026C       TeeConst.TeeMsg_ChartAxesCategoryDesc
 0004:00000268       TeeConst.TeeMsg_ChartAxesCategoryName
 0004:0000027C       TeeConst.TeeMsg_ChartTitlesCategoryDesc
 0004:00000278       TeeConst.TeeMsg_ChartTitlesCategoryName
 0004:00000274       TeeConst.TeeMsg_ChartWallsCategoryDesc
 0004:00000270       TeeConst.TeeMsg_ChartWallsCategoryName
 0004:000001C0       TeeConst.TeeMsg_CheckPointerSize
 0004:00000314       TeeConst.TeeMsg_Circle
 0004:00000058       TeeConst.TeeMsg_CircularSeries
 0004:000001F4       TeeConst.TeeMsg_ClearImage
 0004:000002EC       TeeConst.TeeMsg_Colors
 0004:00000018       TeeConst.TeeMsg_Copyright
 0004:0000031C       TeeConst.TeeMsg_Cross
 0004:00000360       TeeConst.TeeMsg_Cube
 0004:000000EC       TeeConst.TeeMsg_CustomAxes
 0004:00000288       TeeConst.TeeMsg_CustomAxesEditor
 0004:000003EC       TeeConst.TeeMsg_DarkPen
 0004:000001D4       TeeConst.TeeMsg_DataSet
 0004:00000138       TeeConst.TeeMsg_DateTime
 0004:00000150       TeeConst.TeeMsg_DateTimeFormat
 0004:00000154       TeeConst.TeeMsg_Default
 0004:00000184       TeeConst.TeeMsg_DefaultEditorHeight
 0004:00000180       TeeConst.TeeMsg_DefaultEditorSize
 0004:000001BC       TeeConst.TeeMsg_DefaultFontName
 0004:0000017C       TeeConst.TeeMsg_DefaultFontSize
 0004:00000060       TeeConst.TeeMsg_DefaultPercentOf
 0004:00000064       TeeConst.TeeMsg_DefaultPercentOf2
 0004:00000070       TeeConst.TeeMsg_DefLogValueFormat
 0004:00000068       TeeConst.TeeMsg_DefPercentFormat
 0004:0000006C       TeeConst.TeeMsg_DefValueFormat
 0004:000002B0       TeeConst.TeeMsg_Delete
 0004:00000204       TeeConst.TeeMsg_DepthAxis
 0004:00000418       TeeConst.TeeMsg_DepthTopAxis
 0004:00000164       TeeConst.TeeMsg_DesiredIncrement
 0004:00000364       TeeConst.TeeMsg_DiagCross
 0004:00000320       TeeConst.TeeMsg_Diamond
 0004:000002E8       TeeConst.TeeMsg_Dotted
 0004:00000318       TeeConst.TeeMsg_DownTri
 0004:000002B4       TeeConst.TeeMsg_Edit
 0004:000000E0       TeeConst.TeeMsg_EditChart
 0004:000000D0       TeeConst.TeeMsg_Editing
 0004:00000330       TeeConst.TeeMsg_Ellipse
 0004:000002D8       TeeConst.TeeMsg_EMFFilter
 0004:00000264       TeeConst.TeeMsg_EmptyTeeFile
 0004:0000016C       TeeConst.TeeMsg_EnterDateTime
 0004:00000440       TeeConst.TeeMsg_ExcelFilter
 0004:000000FC       TeeConst.TeeMsg_ExpFinish
 0004:00000344       TeeConst.TeeMsg_Exploded
 0004:00000100       TeeConst.TeeMsg_ExpNext
 0004:000000E8       TeeConst.TeeMsg_ExportChart
 0004:000002DC       TeeConst.TeeMsg_ExportPanelNotSet
 0004:00000200       TeeConst.TeeMsg_FieldNotFound
 0004:00000298       TeeConst.TeeMsg_FileSize
 0004:000002F0       TeeConst.TeeMsg_Filled
 0004:00000030       TeeConst.TeeMsg_FillSample
 0004:0000029C       TeeConst.TeeMsg_First
 0004:00000248       TeeConst.TeeMsg_Foot
 0004:00000188       TeeConst.TeeMsg_FunctionAdd
 0004:000001A0       TeeConst.TeeMsg_FunctionAverage
 0004:000003D0       TeeConst.TeeMsg_FunctionCustom
 0004:00000194       TeeConst.TeeMsg_FunctionDivide
 0004:00000198       TeeConst.TeeMsg_FunctionHigh
 0004:0000019C       TeeConst.TeeMsg_FunctionLow
 0004:0000040C       TeeConst.TeeMsg_FunctionMedian
 0004:00000410       TeeConst.TeeMsg_FunctionMode
 0004:00000190       TeeConst.TeeMsg_FunctionMultiply
 0004:000001AC       TeeConst.TeeMsg_FunctionNone
 0004:000001E8       TeeConst.TeeMsg_FunctionPeriod
 0004:0000018C       TeeConst.TeeMsg_FunctionSubtract
 0004:0000008C       TeeConst.TeeMsg_GalleryArea
 0004:000000F8       TeeConst.TeeMsg_GalleryArrow
 0004:00000090       TeeConst.TeeMsg_GalleryBar
 0004:000001A8       TeeConst.TeeMsg_GalleryBubble
 0004:000000A0       TeeConst.TeeMsg_GalleryCircled
 0004:000000D8       TeeConst.TeeMsg_GalleryExtended
 0004:000000A4       TeeConst.TeeMsg_GalleryFastLine
 0004:000000DC       TeeConst.TeeMsg_GalleryFunctions
 0004:00000104       TeeConst.TeeMsg_GalleryGantt
 0004:000003E4       TeeConst.TeeMsg_GalleryHorizArea
 0004:00000094       TeeConst.TeeMsg_GalleryHorizBar
 0004:000000A8       TeeConst.TeeMsg_GalleryHorizLine
 0004:00000084       TeeConst.TeeMsg_GalleryLine
 0004:000000CC       TeeConst.TeeMsg_GalleryLogoFont
 0004:0000009C       TeeConst.TeeMsg_GalleryPie
 0004:00000088       TeeConst.TeeMsg_GalleryPoint
 0004:000001A4       TeeConst.TeeMsg_GalleryShape
 0004:000000D4       TeeConst.TeeMsg_GalleryStandard
 0004:00000108       TeeConst.TeeMsg_GanttSample1
 0004:0000012C       TeeConst.TeeMsg_GanttSample10
 0004:0000010C       TeeConst.TeeMsg_GanttSample2
 0004:00000110       TeeConst.TeeMsg_GanttSample3
 0004:00000114       TeeConst.TeeMsg_GanttSample4
 0004:00000118       TeeConst.TeeMsg_GanttSample5
 0004:0000011C       TeeConst.TeeMsg_GanttSample6
 0004:00000120       TeeConst.TeeMsg_GanttSample7
 0004:00000124       TeeConst.TeeMsg_GanttSample8
 0004:00000128       TeeConst.TeeMsg_GanttSample9
 0004:00000390       TeeConst.TeeMsg_GIFFilter
 0004:000003B0       TeeConst.TeeMsg_Gradient
 0004:00000408       TeeConst.TeeMsg_GroupName
 0004:00000300       TeeConst.TeeMsg_Height
 0004:00000304       TeeConst.TeeMsg_Hollow
 0004:00000358       TeeConst.TeeMsg_HorizLine
 0004:0000043C       TeeConst.TeeMsg_HTMLFilter
 0004:000003CC       TeeConst.TeeMsg_Image
 0004:00000168       TeeConst.TeeMsg_IncorrectMaxMinValue
 0004:000002C4       TeeConst.TeeMsg_Index
 0004:000002AC       TeeConst.TeeMsg_Insert
 0004:000000F0       TeeConst.TeeMsg_InvalidEditorClass
 0004:0000025C       TeeConst.TeeMsg_InvalidTeeFile
 0004:00000334       TeeConst.TeeMsg_InvPyramid
 0004:00000388       TeeConst.TeeMsg_JPEGFilter
 0004:000002A8       TeeConst.TeeMsg_Last
 0004:00000144       TeeConst.TeeMsg_LeftAxis
 0004:00000240       TeeConst.TeeMsg_Legend
 0004:00000024       TeeConst.TeeMsg_LegendColorWidth
 0004:00000020       TeeConst.TeeMsg_LegendFirstValue
 0004:0000035C       TeeConst.TeeMsg_Line
 0004:000002F4       TeeConst.TeeMsg_Marks
 0004:0000015C       TeeConst.TeeMsg_Maximum
 0004:00000050       TeeConst.TeeMsg_MaxPointsPerPage
 0004:00000160       TeeConst.TeeMsg_Minimum
 0004:000000F4       TeeConst.TeeMsg_MissingEditorClass
 0004:000003B8       TeeConst.TeeMsg_NativeFilter
 0004:00000134       TeeConst.TeeMsg_NewSeriesTitle
 0004:000002A4       TeeConst.TeeMsg_Next
 0004:000003C8       TeeConst.TeeMsg_No
 0004:000002E4       TeeConst.TeeMsg_NoBorder
 0004:00000324       TeeConst.TeeMsg_NoLines
 0004:000001B0       TeeConst.TeeMsg_None
 0004:000002E0       TeeConst.TeeMsg_Normal
 0004:00000378       TeeConst.TeeMsg_NoSeriesSelected
 0004:00000414       TeeConst.TeeMsg_Options
 0004:00000420       TeeConst.TeeMsg_Outline
 0004:00000294       TeeConst.TeeMsg_PageOfPages
 0004:00000340       TeeConst.TeeMsg_Patterns
 0004:000003A0       TeeConst.TeeMsg_PCXFilter
 0004:000003D8       TeeConst.TeeMsg_PDFFilter
 0004:0000024C       TeeConst.TeeMsg_Period
 0004:00000250       TeeConst.TeeMsg_PeriodRange
 0004:00000208       TeeConst.TeeMsg_PieOther
 0004:000000AC       TeeConst.TeeMsg_PieSample1
 0004:000000B0       TeeConst.TeeMsg_PieSample2
 0004:000000B4       TeeConst.TeeMsg_PieSample3
 0004:000000B8       TeeConst.TeeMsg_PieSample4
 0004:000000BC       TeeConst.TeeMsg_PieSample5
 0004:000000C0       TeeConst.TeeMsg_PieSample6
 0004:000000C4       TeeConst.TeeMsg_PieSample7
 0004:000000C8       TeeConst.TeeMsg_PieSample8
 0004:00000398       TeeConst.TeeMsg_PNGFilter
 0004:00000308       TeeConst.TeeMsg_Point2D
 0004:000002FC       TeeConst.TeeMsg_Points
 0004:000002B8       TeeConst.TeeMsg_Post
 0004:000000E4       TeeConst.TeeMsg_PrintPreview
 0004:000002A0       TeeConst.TeeMsg_Prior
 0004:000001B4       TeeConst.TeeMsg_PrivateDeclarations
 0004:000003BC       TeeConst.TeeMsg_Property
 0004:000003E0       TeeConst.TeeMsg_PSFilter
 0004:000001B8       TeeConst.TeeMsg_PublicDeclarations
 0004:0000032C       TeeConst.TeeMsg_Pyramid
 0004:00000350       TeeConst.TeeMsg_Rectangle
 0004:00000178       TeeConst.TeeMsg_RefreshData
 0004:0000007C       TeeConst.TeeMsg_RefreshInterval
 0004:00000148       TeeConst.TeeMsg_RightAxis
 0004:00000174       TeeConst.TeeMsg_SelectedSeries
 0004:000003F0       TeeConst.TeeMsg_SelectFolder
 0004:000003E8       TeeConst.TeeMsg_SelfStack
 0004:0000034C       TeeConst.TeeMsg_SemiPie
 0004:0000028C       TeeConst.TeeMsg_Series
 0004:00000374       TeeConst.TeeMsg_SeriesDelete
 0004:0000002C       TeeConst.TeeMsg_SeriesInvDataSource
 0004:00000290       TeeConst.TeeMsg_SeriesList
 0004:00000080       TeeConst.TeeMsg_SeriesParentNoSelf
 0004:00000028       TeeConst.TeeMsg_SeriesSetDataSource
 0004:00000348       TeeConst.TeeMsg_Shadow
 0004:0000020C       TeeConst.TeeMsg_ShapeGallery1
 0004:00000210       TeeConst.TeeMsg_ShapeGallery2
 0004:0000033C       TeeConst.TeeMsg_SideAll
 0004:00000338       TeeConst.TeeMsg_Sides
 0004:000001DC       TeeConst.TeeMsg_SingleRecord
 0004:00000258       TeeConst.TeeMsg_SmallDotsPen
 0004:00000098       TeeConst.TeeMsg_Stack
 0004:00000328       TeeConst.TeeMsg_Stack100
 0004:000002F8       TeeConst.TeeMsg_Stairs
 0004:00000310       TeeConst.TeeMsg_Star
 0004:00000464       TeeConst.TeeMsg_SubFoot
 0004:00000460       TeeConst.TeeMsg_SubTitle
 0004:000001E4       TeeConst.TeeMsg_Summary
 0004:00000170       TeeConst.TeeMsg_SureToApply
 0004:0000014C       TeeConst.TeeMsg_SureToDelete
 0004:0000045C       TeeConst.TeeMsg_SVGFilter
 0004:000001F0       TeeConst.TeeMsg_TeeChartWizard
 0003:00000030       TeeConst.TeeMsg_TeeExtension
 0004:0000001C       TeeConst.TeeMsg_Test
 0004:000002C8       TeeConst.TeeMsg_Text
 0004:00000424       TeeConst.TeeMsg_TextFilter1
 0004:00000428       TeeConst.TeeMsg_TextFilter2
 0004:0000042C       TeeConst.TeeMsg_TextFilter3
 0004:00000430       TeeConst.TeeMsg_TextFilter4
 0004:00000434       TeeConst.TeeMsg_TextFilter5
 0004:00000244       TeeConst.TeeMsg_Title
 0004:0000013C       TeeConst.TeeMsg_TopAxis
 0004:0000030C       TeeConst.TeeMsg_Triangle
 0004:000003C0       TeeConst.TeeMsg_Value
 0004:00000224       TeeConst.TeeMsg_ValuesAngle
 0004:00000238       TeeConst.TeeMsg_ValuesArrowEndX
 0004:0000023C       TeeConst.TeeMsg_ValuesArrowEndY
 0004:00000220       TeeConst.TeeMsg_ValuesBar
 0004:00000234       TeeConst.TeeMsg_ValuesBubbleRadius
 0004:00000158       TeeConst.TeeMsg_ValuesFormat
 0004:0000022C       TeeConst.TeeMsg_ValuesGanttEnd
 0004:00000230       TeeConst.TeeMsg_ValuesGanttNextTask
 0004:00000228       TeeConst.TeeMsg_ValuesGanttStart
 0004:0000021C       TeeConst.TeeMsg_ValuesPie
 0004:00000214       TeeConst.TeeMsg_ValuesX
 0004:00000218       TeeConst.TeeMsg_ValuesY
 0004:00000354       TeeConst.TeeMsg_VertLine
 0004:0000041C       TeeConst.TeeMsg_View2D
 0004:0000044C       TeeConst.TeeMsg_View3DFront
 0004:00000454       TeeConst.TeeMsg_View3DLeft
 0004:00000450       TeeConst.TeeMsg_View3DRight
 0004:00000448       TeeConst.TeeMsg_ViewOrthoLeft
 0004:00000444       TeeConst.TeeMsg_ViewOrthoRight
 0004:000003A8       TeeConst.TeeMsg_VMLFilter
 0004:000003B4       TeeConst.TeeMsg_WantToSave
 0004:0000005C       TeeConst.TeeMsg_WarningHiColor
 0004:000001FC       TeeConst.TeeMsg_WizardSureToClose
 0004:000001EC       TeeConst.TeeMsg_WizardTab
 0004:00000260       TeeConst.TeeMsg_WrongTeeFileFormat
 0004:00000438       TeeConst.TeeMsg_XMLFilter
 0004:000003C4       TeeConst.TeeMsg_Yes
 0001:00002000       TeeConst.TeeSetConstants
 0004:00000474       TeeHtml..1
 0001:000055DC       TeeHtml..HtmlParserException
 0001:000069FC       TeeHtml.DoImage
 0001:0000641C       TeeHtml.DoStringReplace
 0001:00006E48       TeeHtml.DoToken
 0001:00007938       TeeHtml.Finalization
 0001:00005A74       TeeHtml.FontWeight
 0001:00005938       TeeHtml.GetToken
 0004:00000470       TeeHtml.GraphicDownload
 0004:0000046C       TeeHtml.GraphicFileExtension
 0001:00005D14       TeeHtml.HexToColor
 0001:000056B4       TeeHtml.HtmlField
 0001:0000563C       TeeHtml.HtmlNumFields
 0001:000078BC       TeeHtml.HtmlTextExtent
 0001:000078D8       TeeHtml.HtmlTextOut
 0001:00005E5C       TeeHtml.HtmlToColor
 0001:00006844       TeeHtml.ImageNotFound
 0001:00007820       TeeHtml.InternalHtmlText
 0001:00006E1C       TeeHtml.NewSize
 0001:00006528       TeeHtml.OutputText
 0001:000058EC       TeeHtml.PopFont
 0001:000058A0       TeeHtml.PopState
 0001:0000601C       TeeHtml.ProcessFont
 0001:00005BE4       TeeHtml.PushCurrentFont
 0001:00005890       TeeHtml.PushFont
 0001:00005880       TeeHtml.PushState
 0001:00006934       TeeHtml.RemoveQuotes
 0001:000067FC       TeeHtml.SetBackFont
 0004:00000478       TeeHtml.State
 0004:0000047C       TeeHtml.StateFont
 0002:0000015C       TeeHtml.TeeHtml
 0004:00000494       TeEngine..84
 0001:0001B1D4       TeEngine..AxisException
 0001:0001EE78       TeEngine..ChartException
 0001:0001B320       TeEngine..TAxisGridPen
 0001:0001B400       TeEngine..TAxisItem
 0001:0001B61C       TeEngine..TAxisItems
 0001:0001DA78       TeEngine..TCallout
 0001:0001C89C       TeEngine..TChartAxes
 0001:0001B880       TeEngine..TChartAxis
 0001:0001B6F4       TeEngine..TChartAxisPen
 0001:0001B0A0       TeEngine..TChartAxisTitle
 0001:0001CAFC       TeEngine..TChartChangePage
 0001:0001C92C       TeEngine..TChartCustomAxes
 0001:0001C09C       TeEngine..TChartDepthAxis
 0001:0001EC54       TeEngine..TChartSeries
 0001:0001C5B0       TeEngine..TChartSeriesList
 0001:0001CD34       TeEngine..TChartTools
 0001:0001AF44       TeEngine..TChartValueList
 0001:0001E6FC       TeEngine..TChartValueLists
 0001:0001D018       TeEngine..TCustomAxisPanel
[...]
 0002:0000025C       TeEngine.TeEngine
 0002:00000304       Chart.Chart
 0002:0000046C       ORFn.ORFn
 0002:00000554       ORNet.ORNet
 0002:000005D8       OR2006Compatibility.OR2006Compatibility
 0002:000005E0       ORDtTm.ORDtTm
 0002:000005FC       ORDtTmRng.ORDtTmRng
 0002:00000604       .ORDateLib2006..ORDateLib2006
 0003:00000000       SysInit.TlsIndex
 0003:00000004       SysInit.PtrToNil
 0003:00000008       SysInit.Module
 0003:00000020       SysInit.TlsProc
 0003:00000030       TeeConst.TeeMsg_TeeExtension
 0003:00000034       TeeConst.TeeEnglishLanguage
 0003:00000038       TeeConst.TeeLanguage
 0003:0000003C       TeeConst.TeeLanguageHotKeyAtEnd
 0003:00000040       TeeConst.TeeLanguageCanUpper
 0003:00000044       TeCanvas.TeePiStep
 0003:0000004C       TeCanvas.TeeCheckPenWidth
 0003:00000050       TeCanvas.TeeZeroRect
 0003:00000060       TeCanvas.TeeDefaultConePercent
 0003:00000064       TeCanvas.DarkerColorQuantity
 0003:00000068       TeCanvas.DarkColorQuantity
 0003:0000006C       TeCanvas.IsWindowsNT
 0003:00000070       TeCanvas.GetDefaultFontSize
 0003:00000074       TeCanvas.GetDefaultFontName
 0003:00000078       TeCanvas.TeeCustomEditColors
 0003:0000007C       TeCanvas.TeeFontAntiAlias
 0003:00000080       TeCanvas.TeeNumCylinderSides
 0003:00000084       TeCanvas.WasOldRegion
 0003:00000088       TeCanvas.OldRegion
 0003:0000008C       TeCanvas.PenStyles
 0003:000000A0       TeCanvas.PenModes
 0003:000000C0       TeCanvas.Divisor
 0003:000000C8       TeCanvas.TeeGradientPrecision
 0003:000000CC       TeCanvas.CanUseWinAlphaBlend
 0003:000000D0       TeCanvas.AlphaBlendProc
 0003:000000D4       TeCanvas.TeeMSIMG32
 0003:000000D8       TeCanvas.TeeGDI32
 0003:000000DC       TeeProcs.TeeClipWhenPrinting
 0003:000000E0       TeeProcs.TeeClipWhenMetafiling
 0003:000000E4       TeeProcs.TeeEraseBack
 0003:000000E8       TeeProcs.PrintTeePanel
 0003:000000EC       TeeProcs.DateTimeStep
 0003:000001CC       TeeProcs.TeeFieldsSeparator
 0003:000001D0       TeeProcs.TeeTranslateHook
 0003:000001D4       TeeProcs.Tee19000101
 0003:000001DC       TeeProcs.Colors
 0003:000001E4       TeeProcs.DefaultPalette
 0003:00000234       TeEngine.MinAxisIncrement
 0003:0000023C       TeEngine.MinAxisRange
 0003:00000244       TeEngine.TeeColumnSeparator
 0003:00000248       TeEngine.TeeLineSeparator
 0003:0000024C       TeEngine.TeeCheckMarkArrowColor
 0003:00000250       TeEngine.TeeRandomAtRunTime
 0003:00000254       TeEngine.clTeeGallery1
 0003:00000258       TeEngine.clTeeGallery2
 0003:0000025C       TeEngine.TeeAxisClickGap
 0003:00000260       TeEngine.TeeDefaultCapacity
 0003:00000264       TeEngine.Aligns
 0003:00000274       TeEngine.TeeMaxPixelPos
 0003:00000278       TeEngine.ArrowColors
 0003:00000280       Chart.AnimatedZoomFactor
 0003:00000288       Chart.TeeScrollKeyShift
 0003:0000028C       Chart.TeeTitleFootDistance
 0003:00000290       Chart.TeeUseMouseWheel
 0003:00000294       Chart.ColorPalettes
 0003:00000298       Chart.TeeSeriesTypes
 0003:0000029C       Chart.TeeToolTypes
 0003:000002A0       Chart.TeePageNumToolClass
 0003:000002A4       Chart.TeeThemeSelectorHook
 0003:000002A8       Chart.TeeNewChartHook
 0003:000002AC       Chart.ExcelPalette
 0003:00000304       Chart.VictorianPalette
 0003:00000330       Chart.PastelsPalette
 0003:00000368       Chart.SolidPalette
 0003:00000388       Chart.ClassicPalette
 0003:000003B8       Chart.WebPalette
 0003:000003DC       Chart.ModernPalette
 0003:00000414       Chart.RainbowPalette
 0003:00000478       Chart.WindowsXPPalette
 0003:000004AC       ORFn.BOOLCHAR
 0003:000004B0       ORFn.ScrollBarHeight
 0003:000004B4       ORFn.MONTH_NAMES_SHORT
 0003:000004E4       ORFn.MONTH_NAMES_LONG
 0003:0000055C       ORFn.SearchChars
 0003:0000057C       ORFn.ReplaceChars
 0003:0000059C       ORFn.CRC32_TABLE
 0003:0000099C       ORFn.uNormalColorScheme
 0003:000009A0       ORFn.uBlackColorScheme
 0003:000009A4       ORFn.uWhiteColorScheme
 0003:000009A8       ORFn.uMaroonColorWhenBlack
 0003:000009AC       ORFn.uCheckColorScheme
 0003:000009B0       ORFn.PURE_BLACK
 0003:000009B4       ORFn.uBorderlessWindowColorWhenBlack
 0003:000009B8       ORFn.IdleCaller
 0003:000009BC       ORNet.AppStartedCursorForm
 0003:000009C0       ORNet.uBaseContext
 0003:000009C4       ORNet.uCurrentContext
 0003:000009C8       ORNet.BoolChar
 0003:000009CC       ORDtTm.DaysInMonth
 0004:00000000       SysInit.ModuleIsLib
 0004:00000001       SysInit.ModuleIsPackage
 0004:00000004       SysInit.HInstance
 0004:00000008       SysInit.tlsBuffer
 0004:0000000C       Windows..3
 0004:00000010       Windows.HtmlHelpModule
 0004:00000014       ORDtTmCal..2
 0004:00000018       TeeConst.TeeMsg_Copyright
 0004:0000001C       TeeConst.TeeMsg_Test
 0004:00000020       TeeConst.TeeMsg_LegendFirstValue
 0004:00000024       TeeConst.TeeMsg_LegendColorWidth
 0004:00000028       TeeConst.TeeMsg_SeriesSetDataSource
 0004:0000002C       TeeConst.TeeMsg_SeriesInvDataSource
 0004:00000030       TeeConst.TeeMsg_FillSample
 0004:00000034       TeeConst.TeeMsg_AxisLogDateTime
 0004:00000038       TeeConst.TeeMsg_AxisLogNotPositive
 0004:0000003C       TeeConst.TeeMsg_AxisLabelSep
 0004:00000040       TeeConst.TeeMsg_AxisIncrementNeg
 0004:00000044       TeeConst.TeeMsg_AxisMinMax
 0004:00000048       TeeConst.TeeMsg_AxisMaxMin
 0004:0000004C       TeeConst.TeeMsg_AxisLogBase
 0004:00000050       TeeConst.TeeMsg_MaxPointsPerPage
 0004:00000054       TeeConst.TeeMsg_3dPercent
 0004:00000058       TeeConst.TeeMsg_CircularSeries
 0004:0000005C       TeeConst.TeeMsg_WarningHiColor
 0004:00000060       TeeConst.TeeMsg_DefaultPercentOf
 0004:00000064       TeeConst.TeeMsg_DefaultPercentOf2
 0004:00000068       TeeConst.TeeMsg_DefPercentFormat
 0004:0000006C       TeeConst.TeeMsg_DefValueFormat
 0004:00000070       TeeConst.TeeMsg_DefLogValueFormat
 0004:00000074       TeeConst.TeeMsg_AxisTitle
 0004:00000078       TeeConst.TeeMsg_AxisLabels
 0004:0000007C       TeeConst.TeeMsg_RefreshInterval
 0004:00000080       TeeConst.TeeMsg_SeriesParentNoSelf
 0004:00000084       TeeConst.TeeMsg_GalleryLine
 0004:00000088       TeeConst.TeeMsg_GalleryPoint
 0004:0000008C       TeeConst.TeeMsg_GalleryArea
 0004:00000090       TeeConst.TeeMsg_GalleryBar
 0004:00000094       TeeConst.TeeMsg_GalleryHorizBar
 0004:00000098       TeeConst.TeeMsg_Stack
 0004:0000009C       TeeConst.TeeMsg_GalleryPie
 0004:000000A0       TeeConst.TeeMsg_GalleryCircled
 0004:000000A4       TeeConst.TeeMsg_GalleryFastLine
 0004:000000A8       TeeConst.TeeMsg_GalleryHorizLine
 0004:000000AC       TeeConst.TeeMsg_PieSample1
 0004:000000B0       TeeConst.TeeMsg_PieSample2
 0004:000000B4       TeeConst.TeeMsg_PieSample3
 0004:000000B8       TeeConst.TeeMsg_PieSample4
 0004:000000BC       TeeConst.TeeMsg_PieSample5
 0004:000000C0       TeeConst.TeeMsg_PieSample6
 0004:000000C4       TeeConst.TeeMsg_PieSample7
 0004:000000C8       TeeConst.TeeMsg_PieSample8
 0004:000000CC       TeeConst.TeeMsg_GalleryLogoFont
 0004:000000D0       TeeConst.TeeMsg_Editing
 0004:000000D4       TeeConst.TeeMsg_GalleryStandard
 0004:000000D8       TeeConst.TeeMsg_GalleryExtended
 0004:000000DC       TeeConst.TeeMsg_GalleryFunctions
 0004:000000E0       TeeConst.TeeMsg_EditChart
 0004:000000E4       TeeConst.TeeMsg_PrintPreview
 0004:000000E8       TeeConst.TeeMsg_ExportChart
 0004:000000EC       TeeConst.TeeMsg_CustomAxes
 0004:000000F0       TeeConst.TeeMsg_InvalidEditorClass
 0004:000000F4       TeeConst.TeeMsg_MissingEditorClass
 0004:000000F8       TeeConst.TeeMsg_GalleryArrow
 0004:000000FC       TeeConst.TeeMsg_ExpFinish
 0004:00000100       TeeConst.TeeMsg_ExpNext
 0004:00000104       TeeConst.TeeMsg_GalleryGantt
 0004:00000108       TeeConst.TeeMsg_GanttSample1
 0004:0000010C       TeeConst.TeeMsg_GanttSample2
 0004:00000110       TeeConst.TeeMsg_GanttSample3
 0004:00000114       TeeConst.TeeMsg_GanttSample4
 0004:00000118       TeeConst.TeeMsg_GanttSample5
 0004:0000011C       TeeConst.TeeMsg_GanttSample6
 0004:00000120       TeeConst.TeeMsg_GanttSample7
 0004:00000124       TeeConst.TeeMsg_GanttSample8
 0004:00000128       TeeConst.TeeMsg_GanttSample9
 0004:0000012C       TeeConst.TeeMsg_GanttSample10
 0004:00000130       TeeConst.TeeMsg_ChangeSeriesTitle
 0004:00000134       TeeConst.TeeMsg_NewSeriesTitle
 0004:00000138       TeeConst.TeeMsg_DateTime
 0004:0000013C       TeeConst.TeeMsg_TopAxis
 0004:00000140       TeeConst.TeeMsg_BottomAxis
 0004:00000144       TeeConst.TeeMsg_LeftAxis
 0004:00000148       TeeConst.TeeMsg_RightAxis
 0004:0000014C       TeeConst.TeeMsg_SureToDelete
 0004:00000150       TeeConst.TeeMsg_DateTimeFormat
 0004:00000154       TeeConst.TeeMsg_Default
 0004:00000158       TeeConst.TeeMsg_ValuesFormat
 0004:0000015C       TeeConst.TeeMsg_Maximum
 0004:00000160       TeeConst.TeeMsg_Minimum
 0004:00000164       TeeConst.TeeMsg_DesiredIncrement
 0004:00000168       TeeConst.TeeMsg_IncorrectMaxMinValue
 0004:0000016C       TeeConst.TeeMsg_EnterDateTime
 0004:00000170       TeeConst.TeeMsg_SureToApply
 0004:00000174       TeeConst.TeeMsg_SelectedSeries
 0004:00000178       TeeConst.TeeMsg_RefreshData
 0004:0000017C       TeeConst.TeeMsg_DefaultFontSize
 0004:00000180       TeeConst.TeeMsg_DefaultEditorSize
 0004:00000184       TeeConst.TeeMsg_DefaultEditorHeight
 0004:00000188       TeeConst.TeeMsg_FunctionAdd
 0004:0000018C       TeeConst.TeeMsg_FunctionSubtract
 0004:00000190       TeeConst.TeeMsg_FunctionMultiply
 0004:00000194       TeeConst.TeeMsg_FunctionDivide
 0004:00000198       TeeConst.TeeMsg_FunctionHigh
 0004:0000019C       TeeConst.TeeMsg_FunctionLow
 0004:000001A0       TeeConst.TeeMsg_FunctionAverage
 0004:000001A4       TeeConst.TeeMsg_GalleryShape
 0004:000001A8       TeeConst.TeeMsg_GalleryBubble
 0004:000001AC       TeeConst.TeeMsg_FunctionNone
 0004:000001B0       TeeConst.TeeMsg_None
 0004:000001B4       TeeConst.TeeMsg_PrivateDeclarations
 0004:000001B8       TeeConst.TeeMsg_PublicDeclarations
 0004:000001BC       TeeConst.TeeMsg_DefaultFontName
 0004:000001C0       TeeConst.TeeMsg_CheckPointerSize
 0004:000001C4       TeeConst.TeeMsg_About
 0004:000001C8       TeeConst.tcAdditional
 0004:000001CC       TeeConst.tcDControls
 0004:000001D0       TeeConst.tcQReport
 0004:000001D4       TeeConst.TeeMsg_DataSet
 0004:000001D8       TeeConst.TeeMsg_AskDataSet
 0004:000001DC       TeeConst.TeeMsg_SingleRecord
 0004:000001E0       TeeConst.TeeMsg_AskDataSource
 0004:000001E4       TeeConst.TeeMsg_Summary
 0004:000001E8       TeeConst.TeeMsg_FunctionPeriod
 0004:000001EC       TeeConst.TeeMsg_WizardTab
 0004:000001F0       TeeConst.TeeMsg_TeeChartWizard
 0004:000001F4       TeeConst.TeeMsg_ClearImage
 0004:000001F8       TeeConst.TeeMsg_BrowseImage
 0004:000001FC       TeeConst.TeeMsg_WizardSureToClose
 0004:00000200       TeeConst.TeeMsg_FieldNotFound
 0004:00000204       TeeConst.TeeMsg_DepthAxis
 0004:00000208       TeeConst.TeeMsg_PieOther
 0004:0000020C       TeeConst.TeeMsg_ShapeGallery1
 0004:00000210       TeeConst.TeeMsg_ShapeGallery2
 0004:00000214       TeeConst.TeeMsg_ValuesX
 0004:00000218       TeeConst.TeeMsg_ValuesY
 0004:0000021C       TeeConst.TeeMsg_ValuesPie
 0004:00000220       TeeConst.TeeMsg_ValuesBar
 0004:00000224       TeeConst.TeeMsg_ValuesAngle
 0004:00000228       TeeConst.TeeMsg_ValuesGanttStart
 0004:0000022C       TeeConst.TeeMsg_ValuesGanttEnd
 0004:00000230       TeeConst.TeeMsg_ValuesGanttNextTask
 0004:00000234       TeeConst.TeeMsg_ValuesBubbleRadius
 0004:00000238       TeeConst.TeeMsg_ValuesArrowEndX
 0004:0000023C       TeeConst.TeeMsg_ValuesArrowEndY
 0004:00000240       TeeConst.TeeMsg_Legend
 0004:00000244       TeeConst.TeeMsg_Title
 0004:00000248       TeeConst.TeeMsg_Foot
 0004:0000024C       TeeConst.TeeMsg_Period
 0004:00000250       TeeConst.TeeMsg_PeriodRange
 0004:00000254       TeeConst.TeeMsg_CalcPeriod
 0004:00000258       TeeConst.TeeMsg_SmallDotsPen
 0004:0000025C       TeeConst.TeeMsg_InvalidTeeFile
 0004:00000260       TeeConst.TeeMsg_WrongTeeFileFormat
 0004:00000264       TeeConst.TeeMsg_EmptyTeeFile
 0004:00000268       TeeConst.TeeMsg_ChartAxesCategoryName
 0004:0000026C       TeeConst.TeeMsg_ChartAxesCategoryDesc
 0004:00000270       TeeConst.TeeMsg_ChartWallsCategoryName
 0004:00000274       TeeConst.TeeMsg_ChartWallsCategoryDesc
 0004:00000278       TeeConst.TeeMsg_ChartTitlesCategoryName
 0004:0000027C       TeeConst.TeeMsg_ChartTitlesCategoryDesc
 0004:00000280       TeeConst.TeeMsg_Chart3DCategoryName
 0004:00000284       TeeConst.TeeMsg_Chart3DCategoryDesc
 0004:00000288       TeeConst.TeeMsg_CustomAxesEditor
 0004:0000028C       TeeConst.TeeMsg_Series
 0004:00000290       TeeConst.TeeMsg_SeriesList
 0004:00000294       TeeConst.TeeMsg_PageOfPages
 0004:00000298       TeeConst.TeeMsg_FileSize
 0004:0000029C       TeeConst.TeeMsg_First
 0004:000002A0       TeeConst.TeeMsg_Prior
 0004:000002A4       TeeConst.TeeMsg_Next
 0004:000002A8       TeeConst.TeeMsg_Last
 0004:000002AC       TeeConst.TeeMsg_Insert
 0004:000002B0       TeeConst.TeeMsg_Delete
 0004:000002B4       TeeConst.TeeMsg_Edit
 0004:000002B8       TeeConst.TeeMsg_Post
 0004:000002BC       TeeConst.TeeMsg_Cancel
 0004:000002C0       TeeConst.TeeMsg_All
 0004:000002C4       TeeConst.TeeMsg_Index
 0004:000002C8       TeeConst.TeeMsg_Text
 0004:000002CC       TeeConst.TeeMsg_AsBMP
 0004:000002D0       TeeConst.TeeMsg_BMPFilter
 0004:000002D4       TeeConst.TeeMsg_AsEMF
 0004:000002D8       TeeConst.TeeMsg_EMFFilter
 0004:000002DC       TeeConst.TeeMsg_ExportPanelNotSet
 0004:000002E0       TeeConst.TeeMsg_Normal
 0004:000002E4       TeeConst.TeeMsg_NoBorder
 0004:000002E8       TeeConst.TeeMsg_Dotted
 0004:000002EC       TeeConst.TeeMsg_Colors
 0004:000002F0       TeeConst.TeeMsg_Filled
 0004:000002F4       TeeConst.TeeMsg_Marks
 0004:000002F8       TeeConst.TeeMsg_Stairs
 0004:000002FC       TeeConst.TeeMsg_Points
 0004:00000300       TeeConst.TeeMsg_Height
 0004:00000304       TeeConst.TeeMsg_Hollow
 0004:00000308       TeeConst.TeeMsg_Point2D
 0004:0000030C       TeeConst.TeeMsg_Triangle
 0004:00000310       TeeConst.TeeMsg_Star
 0004:00000314       TeeConst.TeeMsg_Circle
 0004:00000318       TeeConst.TeeMsg_DownTri
 0004:0000031C       TeeConst.TeeMsg_Cross
 0004:00000320       TeeConst.TeeMsg_Diamond
 0004:00000324       TeeConst.TeeMsg_NoLines
 0004:00000328       TeeConst.TeeMsg_Stack100
 0004:0000032C       TeeConst.TeeMsg_Pyramid
 0004:00000330       TeeConst.TeeMsg_Ellipse
 0004:00000334       TeeConst.TeeMsg_InvPyramid
 0004:00000338       TeeConst.TeeMsg_Sides
 0004:0000033C       TeeConst.TeeMsg_SideAll
 0004:00000340       TeeConst.TeeMsg_Patterns
 0004:00000344       TeeConst.TeeMsg_Exploded
 0004:00000348       TeeConst.TeeMsg_Shadow
 0004:0000034C       TeeConst.TeeMsg_SemiPie
 0004:00000350       TeeConst.TeeMsg_Rectangle
 0004:00000354       TeeConst.TeeMsg_VertLine
 0004:00000358       TeeConst.TeeMsg_HorizLine
 0004:0000035C       TeeConst.TeeMsg_Line
 0004:00000360       TeeConst.TeeMsg_Cube
 0004:00000364       TeeConst.TeeMsg_DiagCross
 0004:00000368       TeeConst.TeeMsg_CanNotFindTempPath
 0004:0000036C       TeeConst.TeeMsg_CanNotCreateTempChart
 0004:00000370       TeeConst.TeeMsg_CanNotEmailChart
 0004:00000374       TeeConst.TeeMsg_SeriesDelete
 0004:00000378       TeeConst.TeeMsg_NoSeriesSelected
 0004:0000037C       TeeConst.TeeMsg_CannotLoadChartFromURL
 0004:00000380       TeeConst.TeeMsg_CannotLoadSeriesDataFromURL
 0004:00000384       TeeConst.TeeMsg_AsJPEG
 0004:00000388       TeeConst.TeeMsg_JPEGFilter
 0004:0000038C       TeeConst.TeeMsg_AsGIF
 0004:00000390       TeeConst.TeeMsg_GIFFilter
 0004:00000394       TeeConst.TeeMsg_AsPNG
 0004:00000398       TeeConst.TeeMsg_PNGFilter
 0004:0000039C       TeeConst.TeeMsg_AsPCX
 0004:000003A0       TeeConst.TeeMsg_PCXFilter
 0004:000003A4       TeeConst.TeeMsg_AsVML
 0004:000003A8       TeeConst.TeeMsg_VMLFilter
 0004:000003AC       TeeConst.TeeMsg_AskLanguage
 0004:000003B0       TeeConst.TeeMsg_Gradient
 0004:000003B4       TeeConst.TeeMsg_WantToSave
 0004:000003B8       TeeConst.TeeMsg_NativeFilter
 0004:000003BC       TeeConst.TeeMsg_Property
 0004:000003C0       TeeConst.TeeMsg_Value
 0004:000003C4       TeeConst.TeeMsg_Yes
 0004:000003C8       TeeConst.TeeMsg_No
 0004:000003CC       TeeConst.TeeMsg_Image
 0004:000003D0       TeeConst.TeeMsg_FunctionCustom
 0004:000003D4       TeeConst.TeeMsg_AsPDF
 0004:000003D8       TeeConst.TeeMsg_PDFFilter
 0004:000003DC       TeeConst.TeeMsg_AsPS
 0004:000003E0       TeeConst.TeeMsg_PSFilter
 0004:000003E4       TeeConst.TeeMsg_GalleryHorizArea
 0004:000003E8       TeeConst.TeeMsg_SelfStack
 0004:000003EC       TeeConst.TeeMsg_DarkPen
 0004:000003F0       TeeConst.TeeMsg_SelectFolder
 0004:000003F4       TeeConst.TeeMsg_BDEAlias
 0004:000003F8       TeeConst.TeeMsg_ADOConnection
 0004:000003FC       TeeConst.TeeMsg_Apply
 0004:00000400       TeeConst.TeeMsg_AddNewGroup
 0004:00000404       TeeConst.TeeMsg_ChangeGroupName
 0004:00000408       TeeConst.TeeMsg_GroupName
 0004:0000040C       TeeConst.TeeMsg_FunctionMedian
 0004:00000410       TeeConst.TeeMsg_FunctionMode
 0004:00000414       TeeConst.TeeMsg_Options
 0004:00000418       TeeConst.TeeMsg_DepthTopAxis
 0004:0000041C       TeeConst.TeeMsg_View2D
 0004:00000420       TeeConst.TeeMsg_Outline
 0004:00000424       TeeConst.TeeMsg_TextFilter1
 0004:00000428       TeeConst.TeeMsg_TextFilter2
 0004:0000042C       TeeConst.TeeMsg_TextFilter3
 0004:00000430       TeeConst.TeeMsg_TextFilter4
 0004:00000434       TeeConst.TeeMsg_TextFilter5
 0004:00000438       TeeConst.TeeMsg_XMLFilter
 0004:0000043C       TeeConst.TeeMsg_HTMLFilter
 0004:00000440       TeeConst.TeeMsg_ExcelFilter
 0004:00000444       TeeConst.TeeMsg_ViewOrthoRight
 0004:00000448       TeeConst.TeeMsg_ViewOrthoLeft
 0004:0000044C       TeeConst.TeeMsg_View3DFront
 0004:00000450       TeeConst.TeeMsg_View3DRight
 0004:00000454       TeeConst.TeeMsg_View3DLeft
 0004:00000458       TeeConst.TeeMsg_AsSVG
 0004:0000045C       TeeConst.TeeMsg_SVGFilter
 0004:00000460       TeeConst.TeeMsg_SubTitle
 0004:00000464       TeeConst.TeeMsg_SubFoot
 0004:00000468       TeeConst..1
 0004:0000046C       TeeHtml.GraphicFileExtension
 0004:00000470       TeeHtml.GraphicDownload
 0004:00000474       TeeHtml..1
 0004:00000478       TeeHtml.State
 0004:0000047C       TeeHtml.StateFont
 0004:00000480       TeCanvas.TeeSetDCBrushColor
 0004:00000484       TeCanvas.TeeSetDCPenColor
 0004:00000488       TeCanvas..02
 0004:0000048C       TeeProcs.ColorPalette
 0004:00000490       TeeProcs..71
 0004:00000494       TeEngine..84
 0004:00000498       TeEngine.FTeeSources
 0004:0000049C       Chart..42
 0004:000004A0       ORFn..1
 0004:000004A4       ORFn.FBaseFont
 0004:000004A8       ORFn.AlignList
 0004:000004AC       ORFn.AnchorList
 0004:000004B0       ORNet.RPCBrokerV
 0004:000004B4       ORNet.RPCLastCall
 0004:000004B8       ORNet..1
 0004:000004BC       ORNet.uCallList
 0004:000004C0       ORNet.uMaxCalls
 0004:000004C4       ORNet.uShowRPCs
 0004:000004C8       OR2006Compatibility.frm2006Compatibility
 0004:000004CC       OR2006Compatibility..2
 0004:000004D0       ORDtTm..01
 0004:000004D4       ORDtTm.uServerToday
 0004:000004DC       ORDtTmRng..3
 0005:00000000       SysInit.TlsLast


Bound resource files

c:\program files\codegear\rad studio\5.0\lib\TeeResou.res
OR2006Compatibility.dfm
ORDtTm.DFM
ORDtTm.RES
ORDtTmRng.DFM
ORDateLib2006.res
ORDtTm.dcr
ORDtTmRng.dcr
ORDateLib2006.drf


Program entry point at 0002:00000604
